22:38:52 **** Build of configuration Debug for project Lab3_Group3 ****
make -j4 all 
arm-none-eabi-gcc "../Drivers/STM32L4xx_HAL_Driver/Src/stm32l4xx_hal.c" -mcpu=cortex-m4 -std=gnu11 -g3 -DUSE_HAL_DRIVER -DDEBUG -DSTM32L4S5xx -c -I../Core/Inc -I../Drivers/STM32L4xx_HAL_Driver/Inc -I../Drivers/STM32L4xx_HAL_Driver/Inc/Legacy -I../Drivers/CMSIS/Device/ST/STM32L4xx/Include -I../Drivers/CMSIS/Include -O0 -ffunction-sections -fdata-sections -Wall -fstack-usage -MMD -MP -MF"Drivers/STM32L4xx_HAL_Driver/Src/stm32l4xx_hal.d" -MT"Drivers/STM32L4xx_HAL_Driver/Src/stm32l4xx_hal.o" --specs=nano.specs -mfpu=fpv4-sp-d16 -mfloat-abi=hard -mthumb -o "Drivers/STM32L4xx_HAL_Driver/Src/stm32l4xx_hal.o"
arm-none-eabi-gcc "../Drivers/STM32L4xx_HAL_Driver/Src/stm32l4xx_hal_cortex.c" -mcpu=cortex-m4 -std=gnu11 -g3 -DUSE_HAL_DRIVER -DDEBUG -DSTM32L4S5xx -c -I../Core/Inc -I../Drivers/STM32L4xx_HAL_Driver/Inc -I../Drivers/STM32L4xx_HAL_Driver/Inc/Legacy -I../Drivers/CMSIS/Device/ST/STM32L4xx/Include -I../Drivers/CMSIS/Include -O0 -ffunction-sections -fdata-sections -Wall -fstack-usage -MMD -MP -MF"Drivers/STM32L4xx_HAL_Driver/Src/stm32l4xx_hal_cortex.d" -MT"Drivers/STM32L4xx_HAL_Driver/Src/stm32l4xx_hal_cortex.o" --specs=nano.specs -mfpu=fpv4-sp-d16 -mfloat-abi=hard -mthumb -o "Drivers/STM32L4xx_HAL_Driver/Src/stm32l4xx_hal_cortex.o"
arm-none-eabi-gcc "../Drivers/STM32L4xx_HAL_Driver/Src/stm32l4xx_hal_dac.c" -mcpu=cortex-m4 -std=gnu11 -g3 -DUSE_HAL_DRIVER -DDEBUG -DSTM32L4S5xx -c -I../Core/Inc -I../Drivers/STM32L4xx_HAL_Driver/Inc -I../Drivers/STM32L4xx_HAL_Driver/Inc/Legacy -I../Drivers/CMSIS/Device/ST/STM32L4xx/Include -I../Drivers/CMSIS/Include -O0 -ffunction-sections -fdata-sections -Wall -fstack-usage -MMD -MP -MF"Drivers/STM32L4xx_HAL_Driver/Src/stm32l4xx_hal_dac.d" -MT"Drivers/STM32L4xx_HAL_Driver/Src/stm32l4xx_hal_dac.o" --specs=nano.specs -mfpu=fpv4-sp-d16 -mfloat-abi=hard -mthumb -o "Drivers/STM32L4xx_HAL_Driver/Src/stm32l4xx_hal_dac.o"
arm-none-eabi-gcc "../Drivers/STM32L4xx_HAL_Driver/Src/stm32l4xx_hal_dac_ex.c" -mcpu=cortex-m4 -std=gnu11 -g3 -DUSE_HAL_DRIVER -DDEBUG -DSTM32L4S5xx -c -I../Core/Inc -I../Drivers/STM32L4xx_HAL_Driver/Inc -I../Drivers/STM32L4xx_HAL_Driver/Inc/Legacy -I../Drivers/CMSIS/Device/ST/STM32L4xx/Include -I../Drivers/CMSIS/Include -O0 -ffunction-sections -fdata-sections -Wall -fstack-usage -MMD -MP -MF"Drivers/STM32L4xx_HAL_Driver/Src/stm32l4xx_hal_dac_ex.d" -MT"Drivers/STM32L4xx_HAL_Driver/Src/stm32l4xx_hal_dac_ex.o" --specs=nano.specs -mfpu=fpv4-sp-d16 -mfloat-abi=hard -mthumb -o "Drivers/STM32L4xx_HAL_Driver/Src/stm32l4xx_hal_dac_ex.o"
arm-none-eabi-gcc "../Drivers/STM32L4xx_HAL_Driver/Src/stm32l4xx_hal_dma.c" -mcpu=cortex-m4 -std=gnu11 -g3 -DUSE_HAL_DRIVER -DDEBUG -DSTM32L4S5xx -c -I../Core/Inc -I../Drivers/STM32L4xx_HAL_Driver/Inc -I../Drivers/STM32L4xx_HAL_Driver/Inc/Legacy -I../Drivers/CMSIS/Device/ST/STM32L4xx/Include -I../Drivers/CMSIS/Include -O0 -ffunction-sections -fdata-sections -Wall -fstack-usage -MMD -MP -MF"Drivers/STM32L4xx_HAL_Driver/Src/stm32l4xx_hal_dma.d" -MT"Drivers/STM32L4xx_HAL_Driver/Src/stm32l4xx_hal_dma.o" --specs=nano.specs -mfpu=fpv4-sp-d16 -mfloat-abi=hard -mthumb -o "Drivers/STM32L4xx_HAL_Driver/Src/stm32l4xx_hal_dma.o"
arm-none-eabi-gcc "../Drivers/STM32L4xx_HAL_Driver/Src/stm32l4xx_hal_dma_ex.c" -mcpu=cortex-m4 -std=gnu11 -g3 -DUSE_HAL_DRIVER -DDEBUG -DSTM32L4S5xx -c -I../Core/Inc -I../Drivers/STM32L4xx_HAL_Driver/Inc -I../Drivers/STM32L4xx_HAL_Driver/Inc/Legacy -I../Drivers/CMSIS/Device/ST/STM32L4xx/Include -I../Drivers/CMSIS/Include -O0 -ffunction-sections -fdata-sections -Wall -fstack-usage -MMD -MP -MF"Drivers/STM32L4xx_HAL_Driver/Src/stm32l4xx_hal_dma_ex.d" -MT"Drivers/STM32L4xx_HAL_Driver/Src/stm32l4xx_hal_dma_ex.o" --specs=nano.specs -mfpu=fpv4-sp-d16 -mfloat-abi=hard -mthumb -o "Drivers/STM32L4xx_HAL_Driver/Src/stm32l4xx_hal_dma_ex.o"
arm-none-eabi-gcc "../Drivers/STM32L4xx_HAL_Driver/Src/stm32l4xx_hal_exti.c" -mcpu=cortex-m4 -std=gnu11 -g3 -DUSE_HAL_DRIVER -DDEBUG -DSTM32L4S5xx -c -I../Core/Inc -I../Drivers/STM32L4xx_HAL_Driver/Inc -I../Drivers/STM32L4xx_HAL_Driver/Inc/Legacy -I../Drivers/CMSIS/Device/ST/STM32L4xx/Include -I../Drivers/CMSIS/Include -O0 -ffunction-sections -fdata-sections -Wall -fstack-usage -MMD -MP -MF"Drivers/STM32L4xx_HAL_Driver/Src/stm32l4xx_hal_exti.d" -MT"Drivers/STM32L4xx_HAL_Driver/Src/stm32l4xx_hal_exti.o" --specs=nano.specs -mfpu=fpv4-sp-d16 -mfloat-abi=hard -mthumb -o "Drivers/STM32L4xx_HAL_Driver/Src/stm32l4xx_hal_exti.o"
arm-none-eabi-gcc "../Drivers/STM32L4xx_HAL_Driver/Src/stm32l4xx_hal_flash.c" -mcpu=cortex-m4 -std=gnu11 -g3 -DUSE_HAL_DRIVER -DDEBUG -DSTM32L4S5xx -c -I../Core/Inc -I../Drivers/STM32L4xx_HAL_Driver/Inc -I../Drivers/STM32L4xx_HAL_Driver/Inc/Legacy -I../Drivers/CMSIS/Device/ST/STM32L4xx/Include -I../Drivers/CMSIS/Include -O0 -ffunction-sections -fdata-sections -Wall -fstack-usage -MMD -MP -MF"Drivers/STM32L4xx_HAL_Driver/Src/stm32l4xx_hal_flash.d" -MT"Drivers/STM32L4xx_HAL_Driver/Src/stm32l4xx_hal_flash.o" --specs=nano.specs -mfpu=fpv4-sp-d16 -mfloat-abi=hard -mthumb -o "Drivers/STM32L4xx_HAL_Driver/Src/stm32l4xx_hal_flash.o"
arm-none-eabi-gcc "../Drivers/STM32L4xx_HAL_Driver/Src/stm32l4xx_hal_flash_ex.c" -mcpu=cortex-m4 -std=gnu11 -g3 -DUSE_HAL_DRIVER -DDEBUG -DSTM32L4S5xx -c -I../Core/Inc -I../Drivers/STM32L4xx_HAL_Driver/Inc -I../Drivers/STM32L4xx_HAL_Driver/Inc/Legacy -I../Drivers/CMSIS/Device/ST/STM32L4xx/Include -I../Drivers/CMSIS/Include -O0 -ffunction-sections -fdata-sections -Wall -fstack-usage -MMD -MP -MF"Drivers/STM32L4xx_HAL_Driver/Src/stm32l4xx_hal_flash_ex.d" -MT"Drivers/STM32L4xx_HAL_Driver/Src/stm32l4xx_hal_flash_ex.o" --specs=nano.specs -mfpu=fpv4-sp-d16 -mfloat-abi=hard -mthumb -o "Drivers/STM32L4xx_HAL_Driver/Src/stm32l4xx_hal_flash_ex.o"
arm-none-eabi-gcc "../Drivers/STM32L4xx_HAL_Driver/Src/stm32l4xx_hal_flash_ramfunc.c" -mcpu=cortex-m4 -std=gnu11 -g3 -DUSE_HAL_DRIVER -DDEBUG -DSTM32L4S5xx -c -I../Core/Inc -I../Drivers/STM32L4xx_HAL_Driver/Inc -I../Drivers/STM32L4xx_HAL_Driver/Inc/Legacy -I../Drivers/CMSIS/Device/ST/STM32L4xx/Include -I../Drivers/CMSIS/Include -O0 -ffunction-sections -fdata-sections -Wall -fstack-usage -MMD -MP -MF"Drivers/STM32L4xx_HAL_Driver/Src/stm32l4xx_hal_flash_ramfunc.d" -MT"Drivers/STM32L4xx_HAL_Driver/Src/stm32l4xx_hal_flash_ramfunc.o" --specs=nano.specs -mfpu=fpv4-sp-d16 -mfloat-abi=hard -mthumb -o "Drivers/STM32L4xx_HAL_Driver/Src/stm32l4xx_hal_flash_ramfunc.o"
arm-none-eabi-gcc "../Drivers/STM32L4xx_HAL_Driver/Src/stm32l4xx_hal_gpio.c" -mcpu=cortex-m4 -std=gnu11 -g3 -DUSE_HAL_DRIVER -DDEBUG -DSTM32L4S5xx -c -I../Core/Inc -I../Drivers/STM32L4xx_HAL_Driver/Inc -I../Drivers/STM32L4xx_HAL_Driver/Inc/Legacy -I../Drivers/CMSIS/Device/ST/STM32L4xx/Include -I../Drivers/CMSIS/Include -O0 -ffunction-sections -fdata-sections -Wall -fstack-usage -MMD -MP -MF"Drivers/STM32L4xx_HAL_Driver/Src/stm32l4xx_hal_gpio.d" -MT"Drivers/STM32L4xx_HAL_Driver/Src/stm32l4xx_hal_gpio.o" --specs=nano.specs -mfpu=fpv4-sp-d16 -mfloat-abi=hard -mthumb -o "Drivers/STM32L4xx_HAL_Driver/Src/stm32l4xx_hal_gpio.o"
arm-none-eabi-gcc "../Drivers/STM32L4xx_HAL_Driver/Src/stm32l4xx_hal_i2c.c" -mcpu=cortex-m4 -std=gnu11 -g3 -DUSE_HAL_DRIVER -DDEBUG -DSTM32L4S5xx -c -I../Core/Inc -I../Drivers/STM32L4xx_HAL_Driver/Inc -I../Drivers/STM32L4xx_HAL_Driver/Inc/Legacy -I../Drivers/CMSIS/Device/ST/STM32L4xx/Include -I../Drivers/CMSIS/Include -O0 -ffunction-sections -fdata-sections -Wall -fstack-usage -MMD -MP -MF"Drivers/STM32L4xx_HAL_Driver/Src/stm32l4xx_hal_i2c.d" -MT"Drivers/STM32L4xx_HAL_Driver/Src/stm32l4xx_hal_i2c.o" --specs=nano.specs -mfpu=fpv4-sp-d16 -mfloat-abi=hard -mthumb -o "Drivers/STM32L4xx_HAL_Driver/Src/stm32l4xx_hal_i2c.o"
arm-none-eabi-gcc "../Drivers/STM32L4xx_HAL_Driver/Src/stm32l4xx_hal_i2c_ex.c" -mcpu=cortex-m4 -std=gnu11 -g3 -DUSE_HAL_DRIVER -DDEBUG -DSTM32L4S5xx -c -I../Core/Inc -I../Drivers/STM32L4xx_HAL_Driver/Inc -I../Drivers/STM32L4xx_HAL_Driver/Inc/Legacy -I../Drivers/CMSIS/Device/ST/STM32L4xx/Include -I../Drivers/CMSIS/Include -O0 -ffunction-sections -fdata-sections -Wall -fstack-usage -MMD -MP -MF"Drivers/STM32L4xx_HAL_Driver/Src/stm32l4xx_hal_i2c_ex.d" -MT"Drivers/STM32L4xx_HAL_Driver/Src/stm32l4xx_hal_i2c_ex.o" --specs=nano.specs -mfpu=fpv4-sp-d16 -mfloat-abi=hard -mthumb -o "Drivers/STM32L4xx_HAL_Driver/Src/stm32l4xx_hal_i2c_ex.o"
arm-none-eabi-gcc "../Drivers/STM32L4xx_HAL_Driver/Src/stm32l4xx_hal_pwr.c" -mcpu=cortex-m4 -std=gnu11 -g3 -DUSE_HAL_DRIVER -DDEBUG -DSTM32L4S5xx -c -I../Core/Inc -I../Drivers/STM32L4xx_HAL_Driver/Inc -I../Drivers/STM32L4xx_HAL_Driver/Inc/Legacy -I../Drivers/CMSIS/Device/ST/STM32L4xx/Include -I../Drivers/CMSIS/Include -O0 -ffunction-sections -fdata-sections -Wall -fstack-usage -MMD -MP -MF"Drivers/STM32L4xx_HAL_Driver/Src/stm32l4xx_hal_pwr.d" -MT"Drivers/STM32L4xx_HAL_Driver/Src/stm32l4xx_hal_pwr.o" --specs=nano.specs -mfpu=fpv4-sp-d16 -mfloat-abi=hard -mthumb -o "Drivers/STM32L4xx_HAL_Driver/Src/stm32l4xx_hal_pwr.o"
arm-none-eabi-gcc "../Drivers/STM32L4xx_HAL_Driver/Src/stm32l4xx_hal_pwr_ex.c" -mcpu=cortex-m4 -std=gnu11 -g3 -DUSE_HAL_DRIVER -DDEBUG -DSTM32L4S5xx -c -I../Core/Inc -I../Drivers/STM32L4xx_HAL_Driver/Inc -I../Drivers/STM32L4xx_HAL_Driver/Inc/Legacy -I../Drivers/CMSIS/Device/ST/STM32L4xx/Include -I../Drivers/CMSIS/Include -O0 -ffunction-sections -fdata-sections -Wall -fstack-usage -MMD -MP -MF"Drivers/STM32L4xx_HAL_Driver/Src/stm32l4xx_hal_pwr_ex.d" -MT"Drivers/STM32L4xx_HAL_Driver/Src/stm32l4xx_hal_pwr_ex.o" --specs=nano.specs -mfpu=fpv4-sp-d16 -mfloat-abi=hard -mthumb -o "Drivers/STM32L4xx_HAL_Driver/Src/stm32l4xx_hal_pwr_ex.o"
arm-none-eabi-gcc "../Drivers/STM32L4xx_HAL_Driver/Src/stm32l4xx_hal_rcc.c" -mcpu=cortex-m4 -std=gnu11 -g3 -DUSE_HAL_DRIVER -DDEBUG -DSTM32L4S5xx -c -I../Core/Inc -I../Drivers/STM32L4xx_HAL_Driver/Inc -I../Drivers/STM32L4xx_HAL_Driver/Inc/Legacy -I../Drivers/CMSIS/Device/ST/STM32L4xx/Include -I../Drivers/CMSIS/Include -O0 -ffunction-sections -fdata-sections -Wall -fstack-usage -MMD -MP -MF"Drivers/STM32L4xx_HAL_Driver/Src/stm32l4xx_hal_rcc.d" -MT"Drivers/STM32L4xx_HAL_Driver/Src/stm32l4xx_hal_rcc.o" --specs=nano.specs -mfpu=fpv4-sp-d16 -mfloat-abi=hard -mthumb -o "Drivers/STM32L4xx_HAL_Driver/Src/stm32l4xx_hal_rcc.o"
arm-none-eabi-gcc "../Drivers/STM32L4xx_HAL_Driver/Src/stm32l4xx_hal_rcc_ex.c" -mcpu=cortex-m4 -std=gnu11 -g3 -DUSE_HAL_DRIVER -DDEBUG -DSTM32L4S5xx -c -I../Core/Inc -I../Drivers/STM32L4xx_HAL_Driver/Inc -I../Drivers/STM32L4xx_HAL_Driver/Inc/Legacy -I../Drivers/CMSIS/Device/ST/STM32L4xx/Include -I../Drivers/CMSIS/Include -O0 -ffunction-sections -fdata-sections -Wall -fstack-usage -MMD -MP -MF"Drivers/STM32L4xx_HAL_Driver/Src/stm32l4xx_hal_rcc_ex.d" -MT"Drivers/STM32L4xx_HAL_Driver/Src/stm32l4xx_hal_rcc_ex.o" --specs=nano.specs -mfpu=fpv4-sp-d16 -mfloat-abi=hard -mthumb -o "Drivers/STM32L4xx_HAL_Driver/Src/stm32l4xx_hal_rcc_ex.o"
arm-none-eabi-gcc "../Drivers/STM32L4xx_HAL_Driver/Src/stm32l4xx_hal_tim.c" -mcpu=cortex-m4 -std=gnu11 -g3 -DUSE_HAL_DRIVER -DDEBUG -DSTM32L4S5xx -c -I../Core/Inc -I../Drivers/STM32L4xx_HAL_Driver/Inc -I../Drivers/STM32L4xx_HAL_Driver/Inc/Legacy -I../Drivers/CMSIS/Device/ST/STM32L4xx/Include -I../Drivers/CMSIS/Include -O0 -ffunction-sections -fdata-sections -Wall -fstack-usage -MMD -MP -MF"Drivers/STM32L4xx_HAL_Driver/Src/stm32l4xx_hal_tim.d" -MT"Drivers/STM32L4xx_HAL_Driver/Src/stm32l4xx_hal_tim.o" --specs=nano.specs -mfpu=fpv4-sp-d16 -mfloat-abi=hard -mthumb -o "Drivers/STM32L4xx_HAL_Driver/Src/stm32l4xx_hal_tim.o"
arm-none-eabi-gcc "../Drivers/STM32L4xx_HAL_Driver/Src/stm32l4xx_hal_tim_ex.c" -mcpu=cortex-m4 -std=gnu11 -g3 -DUSE_HAL_DRIVER -DDEBUG -DSTM32L4S5xx -c -I../Core/Inc -I../Drivers/STM32L4xx_HAL_Driver/Inc -I../Drivers/STM32L4xx_HAL_Driver/Inc/Legacy -I../Drivers/CMSIS/Device/ST/STM32L4xx/Include -I../Drivers/CMSIS/Include -O0 -ffunction-sections -fdata-sections -Wall -fstack-usage -MMD -MP -MF"Drivers/STM32L4xx_HAL_Driver/Src/stm32l4xx_hal_tim_ex.d" -MT"Drivers/STM32L4xx_HAL_Driver/Src/stm32l4xx_hal_tim_ex.o" --specs=nano.specs -mfpu=fpv4-sp-d16 -mfloat-abi=hard -mthumb -o "Drivers/STM32L4xx_HAL_Driver/Src/stm32l4xx_hal_tim_ex.o"
arm-none-eabi-gcc -mcpu=cortex-m4 -g3 -c -x assembler-with-cpp -MMD -MP -MF"Core/Startup/startup_stm32l4s5vitx.d" -MT"Core/Startup/startup_stm32l4s5vitx.o" --specs=nano.specs -mfpu=fpv4-sp-d16 -mfloat-abi=hard -mthumb -o "Core/Startup/startup_stm32l4s5vitx.o" "../Core/Startup/startup_stm32l4s5vitx.s"
arm-none-eabi-gcc "../Core/Src/main.c" -mcpu=cortex-m4 -std=gnu11 -g3 -DUSE_HAL_DRIVER -DDEBUG -DSTM32L4S5xx -c -I../Core/Inc -I../Drivers/STM32L4xx_HAL_Driver/Inc -I../Drivers/STM32L4xx_HAL_Driver/Inc/Legacy -I../Drivers/CMSIS/Device/ST/STM32L4xx/Include -I../Drivers/CMSIS/Include -O0 -ffunction-sections -fdata-sections -Wall -fstack-usage -MMD -MP -MF"Core/Src/main.d" -MT"Core/Src/main.o" --specs=nano.specs -mfpu=fpv4-sp-d16 -mfloat-abi=hard -mthumb -o "Core/Src/main.o"
arm-none-eabi-gcc "../Core/Src/stm32l4xx_hal_msp.c" -mcpu=cortex-m4 -std=gnu11 -g3 -DUSE_HAL_DRIVER -DDEBUG -DSTM32L4S5xx -c -I../Core/Inc -I../Drivers/STM32L4xx_HAL_Driver/Inc -I../Drivers/STM32L4xx_HAL_Driver/Inc/Legacy -I../Drivers/CMSIS/Device/ST/STM32L4xx/Include -I../Drivers/CMSIS/Include -O0 -ffunction-sections -fdata-sections -Wall -fstack-usage -MMD -MP -MF"Core/Src/stm32l4xx_hal_msp.d" -MT"Core/Src/stm32l4xx_hal_msp.o" --specs=nano.specs -mfpu=fpv4-sp-d16 -mfloat-abi=hard -mthumb -o "Core/Src/stm32l4xx_hal_msp.o"
../Core/Src/main.c: In function 'main':
../Core/Src/main.c:100:11: warning: unused variable 'sin' [-Wunused-variable]
   uint8_t sin = 0;
           ^~~
../Core/Src/main.c:98:11: warning: unused variable 'tri' [-Wunused-variable]
   uint8_t tri = 0;
           ^~~
arm-none-eabi-gcc "../Core/Src/stm32l4xx_it.c" -mcpu=cortex-m4 -std=gnu11 -g3 -DUSE_HAL_DRIVER -DDEBUG -DSTM32L4S5xx -c -I../Core/Inc -I../Drivers/STM32L4xx_HAL_Driver/Inc -I../Drivers/STM32L4xx_HAL_Driver/Inc/Legacy -I../Drivers/CMSIS/Device/ST/STM32L4xx/Include -I../Drivers/CMSIS/Include -O0 -ffunction-sections -fdata-sections -Wall -fstack-usage -MMD -MP -MF"Core/Src/stm32l4xx_it.d" -MT"Core/Src/stm32l4xx_it.o" --specs=nano.specs -mfpu=fpv4-sp-d16 -mfloat-abi=hard -mthumb -o "Core/Src/stm32l4xx_it.o"
arm-none-eabi-gcc "../Core/Src/syscalls.c" -mcpu=cortex-m4 -std=gnu11 -g3 -DUSE_HAL_DRIVER -DDEBUG -DSTM32L4S5xx -c -I../Core/Inc -I../Drivers/STM32L4xx_HAL_Driver/Inc -I../Drivers/STM32L4xx_HAL_Driver/Inc/Legacy -I../Drivers/CMSIS/Device/ST/STM32L4xx/Include -I../Drivers/CMSIS/Include -O0 -ffunction-sections -fdata-sections -Wall -fstack-usage -MMD -MP -MF"Core/Src/syscalls.d" -MT"Core/Src/syscalls.o" --specs=nano.specs -mfpu=fpv4-sp-d16 -mfloat-abi=hard -mthumb -o "Core/Src/syscalls.o"
arm-none-eabi-gcc "../Core/Src/sysmem.c" -mcpu=cortex-m4 -std=gnu11 -g3 -DUSE_HAL_DRIVER -DDEBUG -DSTM32L4S5xx -c -I../Core/Inc -I../Drivers/STM32L4xx_HAL_Driver/Inc -I../Drivers/STM32L4xx_HAL_Driver/Inc/Legacy -I../Drivers/CMSIS/Device/ST/STM32L4xx/Include -I../Drivers/CMSIS/Include -O0 -ffunction-sections -fdata-sections -Wall -fstack-usage -MMD -MP -MF"Core/Src/sysmem.d" -MT"Core/Src/sysmem.o" --specs=nano.specs -mfpu=fpv4-sp-d16 -mfloat-abi=hard -mthumb -o "Core/Src/sysmem.o"
arm-none-eabi-gcc "../Core/Src/system_stm32l4xx.c" -mcpu=cortex-m4 -std=gnu11 -g3 -DUSE_HAL_DRIVER -DDEBUG -DSTM32L4S5xx -c -I../Core/Inc -I../Drivers/STM32L4xx_HAL_Driver/Inc -I../Drivers/STM32L4xx_HAL_Driver/Inc/Legacy -I../Drivers/CMSIS/Device/ST/STM32L4xx/Include -I../Drivers/CMSIS/Include -O0 -ffunction-sections -fdata-sections -Wall -fstack-usage -MMD -MP -MF"Core/Src/system_stm32l4xx.d" -MT"Core/Src/system_stm32l4xx.o" --specs=nano.specs -mfpu=fpv4-sp-d16 -mfloat-abi=hard -mthumb -o "Core/Src/system_stm32l4xx.o"
arm-none-eabi-gcc -o "Lab3_Group3.elf" @"objects.list"   -mcpu=cortex-m4 -T"D:\202101\ECSE444\Lab3_Group3\Lab3_Group3\STM32L4S5VITX_FLASH.ld" --specs=nosys.specs -Wl,-Map="Lab3_Group3.map" -Wl,--gc-sections -static --specs=nano.specs -mfpu=fpv4-sp-d16 -mfloat-abi=hard -mthumb -Wl,--start-group -lc -lm -Wl,--end-group
Finished building target: Lab3_Group3.elf
 
arm-none-eabi-size   Lab3_Group3.elf 
arm-none-eabi-objdump -h -S  Lab3_Group3.elf  > "Lab3_Group3.list"
arm-none-eabi-objcopy  -O binary  Lab3_Group3.elf  "Lab3_Group3.bin"
   text	   data	    bss	    dec	    hex	filename
   9516	     20	   1668	  11204	   2bc4	Lab3_Group3.elf
Finished building: default.size.stdout
 
Finished building: Lab3_Group3.bin
Finished building: Lab3_Group3.list
 
 
22:39:38 **** Incremental Build of configuration Debug for project Lab3_Group3 ****
make -j4 all 
arm-none-eabi-size   Lab3_Group3.elf 
   text	   data	    bss	    dec	    hex	filename
   9516	     20	   1668	  11204	   2bc4	Lab3_Group3.elf
Finished building: default.size.stdout
 
22:50:04 **** Incremental Build of configuration Debug for project Lab3_Group3 ****
make -j4 all 
arm-none-eabi-gcc "../Core/Src/main.c" -mcpu=cortex-m4 -std=gnu11 -g3 -DUSE_HAL_DRIVER -DDEBUG -DSTM32L4S5xx -c -I../Core/Inc -I../Drivers/STM32L4xx_HAL_Driver/Inc -I../Drivers/STM32L4xx_HAL_Driver/Inc/Legacy -I../Drivers/CMSIS/Device/ST/STM32L4xx/Include -I../Drivers/CMSIS/Include -O0 -ffunction-sections -fdata-sections -Wall -fstack-usage -MMD -MP -MF"Core/Src/main.d" -MT"Core/Src/main.o" --specs=nano.specs -mfpu=fpv4-sp-d16 -mfloat-abi=hard -mthumb -o "Core/Src/main.o"
../Core/Src/main.c: In function 'main':
../Core/Src/main.c:100:11: warning: unused variable 'sin' [-Wunused-variable]
   uint8_t sin = 0;
           ^~~
../Core/Src/main.c:98:11: warning: unused variable 'tri' [-Wunused-variable]
   uint8_t tri = 0;
           ^~~
arm-none-eabi-gcc -o "Lab3_Group3.elf" @"objects.list"   -mcpu=cortex-m4 -T"D:\202101\ECSE444\Lab3_Group3\Lab3_Group3\STM32L4S5VITX_FLASH.ld" --specs=nosys.specs -Wl,-Map="Lab3_Group3.map" -Wl,--gc-sections -static --specs=nano.specs -mfpu=fpv4-sp-d16 -mfloat-abi=hard -mthumb -Wl,--start-group -lc -lm -Wl,--end-group
Finished building target: Lab3_Group3.elf
 
arm-none-eabi-objdump -h -S  Lab3_Group3.elf  > "Lab3_Group3.list"
arm-none-eabi-objcopy  -O binary  Lab3_Group3.elf  "Lab3_Group3.bin"
arm-none-eabi-size   Lab3_Group3.elf 
   text	   data	    bss	    dec	    hex	filename
   9524	     20	   1668	  11212	   2bcc	Lab3_Group3.elf
Finished building: default.size.stdout
 
Finished building: Lab3_Group3.list
Finished building: Lab3_Group3.bin
 
 
22:57:19 **** Incremental Build of configuration Debug for project Lab3_Group3 ****
make -j4 all 
arm-none-eabi-gcc "../Core/Src/main.c" -mcpu=cortex-m4 -std=gnu11 -g3 -DUSE_HAL_DRIVER -DDEBUG -DSTM32L4S5xx -c -I../Core/Inc -I../Drivers/STM32L4xx_HAL_Driver/Inc -I../Drivers/STM32L4xx_HAL_Driver/Inc/Legacy -I../Drivers/CMSIS/Device/ST/STM32L4xx/Include -I../Drivers/CMSIS/Include -O0 -ffunction-sections -fdata-sections -Wall -fstack-usage -MMD -MP -MF"Core/Src/main.d" -MT"Core/Src/main.o" --specs=nano.specs -mfpu=fpv4-sp-d16 -mfloat-abi=hard -mthumb -o "Core/Src/main.o"
../Core/Src/main.c: In function 'main':
../Core/Src/main.c:100:11: warning: unused variable 'sin' [-Wunused-variable]
   uint8_t sin = 0;
           ^~~
../Core/Src/main.c:98:11: warning: unused variable 'tri' [-Wunused-variable]
   uint8_t tri = 0;
           ^~~
../Core/Src/main.c:97:11: warning: unused variable 'T' [-Wunused-variable]
   uint8_t T = 15; // f = 65 Hz, note C2
           ^
arm-none-eabi-gcc -o "Lab3_Group3.elf" @"objects.list"   -mcpu=cortex-m4 -T"D:\202101\ECSE444\Lab3_Group3\Lab3_Group3\STM32L4S5VITX_FLASH.ld" --specs=nosys.specs -Wl,-Map="Lab3_Group3.map" -Wl,--gc-sections -static --specs=nano.specs -mfpu=fpv4-sp-d16 -mfloat-abi=hard -mthumb -Wl,--start-group -lc -lm -Wl,--end-group
Finished building target: Lab3_Group3.elf
 
arm-none-eabi-objdump -h -S  Lab3_Group3.elf  > "Lab3_Group3.list"
arm-none-eabi-objcopy  -O binary  Lab3_Group3.elf  "Lab3_Group3.bin"
arm-none-eabi-size   Lab3_Group3.elf 
   text	   data	    bss	    dec	    hex	filename
   9508	     20	   1668	  11196	   2bbc	Lab3_Group3.elf
Finished building: default.size.stdout
 
Finished building: Lab3_Group3.bin
Finished building: Lab3_Group3.list
 
 
22:58:04 **** Incremental Build of configuration Debug for project Lab3_Group3 ****
make -j4 all 
arm-none-eabi-size   Lab3_Group3.elf 
   text	   data	    bss	    dec	    hex	filename
   9508	     20	   1668	  11196	   2bbc	Lab3_Group3.elf
Finished building: default.size.stdout
 
23:23:02 **** Incremental Build of configuration Debug for project Lab3_Group3 ****
make -j4 all 
arm-none-eabi-gcc "../Drivers/STM32L4xx_HAL_Driver/Src/stm32l4xx_hal.c" -mcpu=cortex-m4 -std=gnu11 -g3 -DUSE_HAL_DRIVER -DDEBUG -DSTM32L4S5xx -c -I../Core/Inc -I../Drivers/STM32L4xx_HAL_Driver/Inc -I../Drivers/STM32L4xx_HAL_Driver/Inc/Legacy -I../Drivers/CMSIS/Device/ST/STM32L4xx/Include -I../Drivers/CMSIS/Include -O0 -ffunction-sections -fdata-sections -Wall -fstack-usage -MMD -MP -MF"Drivers/STM32L4xx_HAL_Driver/Src/stm32l4xx_hal.d" -MT"Drivers/STM32L4xx_HAL_Driver/Src/stm32l4xx_hal.o" --specs=nano.specs -mfpu=fpv4-sp-d16 -mfloat-abi=hard -mthumb -o "Drivers/STM32L4xx_HAL_Driver/Src/stm32l4xx_hal.o"
arm-none-eabi-gcc "../Drivers/STM32L4xx_HAL_Driver/Src/stm32l4xx_hal_cortex.c" -mcpu=cortex-m4 -std=gnu11 -g3 -DUSE_HAL_DRIVER -DDEBUG -DSTM32L4S5xx -c -I../Core/Inc -I../Drivers/STM32L4xx_HAL_Driver/Inc -I../Drivers/STM32L4xx_HAL_Driver/Inc/Legacy -I../Drivers/CMSIS/Device/ST/STM32L4xx/Include -I../Drivers/CMSIS/Include -O0 -ffunction-sections -fdata-sections -Wall -fstack-usage -MMD -MP -MF"Drivers/STM32L4xx_HAL_Driver/Src/stm32l4xx_hal_cortex.d" -MT"Drivers/STM32L4xx_HAL_Driver/Src/stm32l4xx_hal_cortex.o" --specs=nano.specs -mfpu=fpv4-sp-d16 -mfloat-abi=hard -mthumb -o "Drivers/STM32L4xx_HAL_Driver/Src/stm32l4xx_hal_cortex.o"
arm-none-eabi-gcc "../Drivers/STM32L4xx_HAL_Driver/Src/stm32l4xx_hal_dac.c" -mcpu=cortex-m4 -std=gnu11 -g3 -DUSE_HAL_DRIVER -DDEBUG -DSTM32L4S5xx -c -I../Core/Inc -I../Drivers/STM32L4xx_HAL_Driver/Inc -I../Drivers/STM32L4xx_HAL_Driver/Inc/Legacy -I../Drivers/CMSIS/Device/ST/STM32L4xx/Include -I../Drivers/CMSIS/Include -O0 -ffunction-sections -fdata-sections -Wall -fstack-usage -MMD -MP -MF"Drivers/STM32L4xx_HAL_Driver/Src/stm32l4xx_hal_dac.d" -MT"Drivers/STM32L4xx_HAL_Driver/Src/stm32l4xx_hal_dac.o" --specs=nano.specs -mfpu=fpv4-sp-d16 -mfloat-abi=hard -mthumb -o "Drivers/STM32L4xx_HAL_Driver/Src/stm32l4xx_hal_dac.o"
arm-none-eabi-gcc "../Drivers/STM32L4xx_HAL_Driver/Src/stm32l4xx_hal_dac_ex.c" -mcpu=cortex-m4 -std=gnu11 -g3 -DUSE_HAL_DRIVER -DDEBUG -DSTM32L4S5xx -c -I../Core/Inc -I../Drivers/STM32L4xx_HAL_Driver/Inc -I../Drivers/STM32L4xx_HAL_Driver/Inc/Legacy -I../Drivers/CMSIS/Device/ST/STM32L4xx/Include -I../Drivers/CMSIS/Include -O0 -ffunction-sections -fdata-sections -Wall -fstack-usage -MMD -MP -MF"Drivers/STM32L4xx_HAL_Driver/Src/stm32l4xx_hal_dac_ex.d" -MT"Drivers/STM32L4xx_HAL_Driver/Src/stm32l4xx_hal_dac_ex.o" --specs=nano.specs -mfpu=fpv4-sp-d16 -mfloat-abi=hard -mthumb -o "Drivers/STM32L4xx_HAL_Driver/Src/stm32l4xx_hal_dac_ex.o"
arm-none-eabi-gcc "../Drivers/STM32L4xx_HAL_Driver/Src/stm32l4xx_hal_dma.c" -mcpu=cortex-m4 -std=gnu11 -g3 -DUSE_HAL_DRIVER -DDEBUG -DSTM32L4S5xx -c -I../Core/Inc -I../Drivers/STM32L4xx_HAL_Driver/Inc -I../Drivers/STM32L4xx_HAL_Driver/Inc/Legacy -I../Drivers/CMSIS/Device/ST/STM32L4xx/Include -I../Drivers/CMSIS/Include -O0 -ffunction-sections -fdata-sections -Wall -fstack-usage -MMD -MP -MF"Drivers/STM32L4xx_HAL_Driver/Src/stm32l4xx_hal_dma.d" -MT"Drivers/STM32L4xx_HAL_Driver/Src/stm32l4xx_hal_dma.o" --specs=nano.specs -mfpu=fpv4-sp-d16 -mfloat-abi=hard -mthumb -o "Drivers/STM32L4xx_HAL_Driver/Src/stm32l4xx_hal_dma.o"
arm-none-eabi-gcc "../Drivers/STM32L4xx_HAL_Driver/Src/stm32l4xx_hal_dma_ex.c" -mcpu=cortex-m4 -std=gnu11 -g3 -DUSE_HAL_DRIVER -DDEBUG -DSTM32L4S5xx -c -I../Core/Inc -I../Drivers/STM32L4xx_HAL_Driver/Inc -I../Drivers/STM32L4xx_HAL_Driver/Inc/Legacy -I../Drivers/CMSIS/Device/ST/STM32L4xx/Include -I../Drivers/CMSIS/Include -O0 -ffunction-sections -fdata-sections -Wall -fstack-usage -MMD -MP -MF"Drivers/STM32L4xx_HAL_Driver/Src/stm32l4xx_hal_dma_ex.d" -MT"Drivers/STM32L4xx_HAL_Driver/Src/stm32l4xx_hal_dma_ex.o" --specs=nano.specs -mfpu=fpv4-sp-d16 -mfloat-abi=hard -mthumb -o "Drivers/STM32L4xx_HAL_Driver/Src/stm32l4xx_hal_dma_ex.o"
arm-none-eabi-gcc "../Drivers/STM32L4xx_HAL_Driver/Src/stm32l4xx_hal_exti.c" -mcpu=cortex-m4 -std=gnu11 -g3 -DUSE_HAL_DRIVER -DDEBUG -DSTM32L4S5xx -c -I../Core/Inc -I../Drivers/STM32L4xx_HAL_Driver/Inc -I../Drivers/STM32L4xx_HAL_Driver/Inc/Legacy -I../Drivers/CMSIS/Device/ST/STM32L4xx/Include -I../Drivers/CMSIS/Include -O0 -ffunction-sections -fdata-sections -Wall -fstack-usage -MMD -MP -MF"Drivers/STM32L4xx_HAL_Driver/Src/stm32l4xx_hal_exti.d" -MT"Drivers/STM32L4xx_HAL_Driver/Src/stm32l4xx_hal_exti.o" --specs=nano.specs -mfpu=fpv4-sp-d16 -mfloat-abi=hard -mthumb -o "Drivers/STM32L4xx_HAL_Driver/Src/stm32l4xx_hal_exti.o"
arm-none-eabi-gcc "../Drivers/STM32L4xx_HAL_Driver/Src/stm32l4xx_hal_flash.c" -mcpu=cortex-m4 -std=gnu11 -g3 -DUSE_HAL_DRIVER -DDEBUG -DSTM32L4S5xx -c -I../Core/Inc -I../Drivers/STM32L4xx_HAL_Driver/Inc -I../Drivers/STM32L4xx_HAL_Driver/Inc/Legacy -I../Drivers/CMSIS/Device/ST/STM32L4xx/Include -I../Drivers/CMSIS/Include -O0 -ffunction-sections -fdata-sections -Wall -fstack-usage -MMD -MP -MF"Drivers/STM32L4xx_HAL_Driver/Src/stm32l4xx_hal_flash.d" -MT"Drivers/STM32L4xx_HAL_Driver/Src/stm32l4xx_hal_flash.o" --specs=nano.specs -mfpu=fpv4-sp-d16 -mfloat-abi=hard -mthumb -o "Drivers/STM32L4xx_HAL_Driver/Src/stm32l4xx_hal_flash.o"
arm-none-eabi-gcc "../Drivers/STM32L4xx_HAL_Driver/Src/stm32l4xx_hal_flash_ex.c" -mcpu=cortex-m4 -std=gnu11 -g3 -DUSE_HAL_DRIVER -DDEBUG -DSTM32L4S5xx -c -I../Core/Inc -I../Drivers/STM32L4xx_HAL_Driver/Inc -I../Drivers/STM32L4xx_HAL_Driver/Inc/Legacy -I../Drivers/CMSIS/Device/ST/STM32L4xx/Include -I../Drivers/CMSIS/Include -O0 -ffunction-sections -fdata-sections -Wall -fstack-usage -MMD -MP -MF"Drivers/STM32L4xx_HAL_Driver/Src/stm32l4xx_hal_flash_ex.d" -MT"Drivers/STM32L4xx_HAL_Driver/Src/stm32l4xx_hal_flash_ex.o" --specs=nano.specs -mfpu=fpv4-sp-d16 -mfloat-abi=hard -mthumb -o "Drivers/STM32L4xx_HAL_Driver/Src/stm32l4xx_hal_flash_ex.o"
arm-none-eabi-gcc "../Drivers/STM32L4xx_HAL_Driver/Src/stm32l4xx_hal_flash_ramfunc.c" -mcpu=cortex-m4 -std=gnu11 -g3 -DUSE_HAL_DRIVER -DDEBUG -DSTM32L4S5xx -c -I../Core/Inc -I../Drivers/STM32L4xx_HAL_Driver/Inc -I../Drivers/STM32L4xx_HAL_Driver/Inc/Legacy -I../Drivers/CMSIS/Device/ST/STM32L4xx/Include -I../Drivers/CMSIS/Include -O0 -ffunction-sections -fdata-sections -Wall -fstack-usage -MMD -MP -MF"Drivers/STM32L4xx_HAL_Driver/Src/stm32l4xx_hal_flash_ramfunc.d" -MT"Drivers/STM32L4xx_HAL_Driver/Src/stm32l4xx_hal_flash_ramfunc.o" --specs=nano.specs -mfpu=fpv4-sp-d16 -mfloat-abi=hard -mthumb -o "Drivers/STM32L4xx_HAL_Driver/Src/stm32l4xx_hal_flash_ramfunc.o"
arm-none-eabi-gcc "../Drivers/STM32L4xx_HAL_Driver/Src/stm32l4xx_hal_gpio.c" -mcpu=cortex-m4 -std=gnu11 -g3 -DUSE_HAL_DRIVER -DDEBUG -DSTM32L4S5xx -c -I../Core/Inc -I../Drivers/STM32L4xx_HAL_Driver/Inc -I../Drivers/STM32L4xx_HAL_Driver/Inc/Legacy -I../Drivers/CMSIS/Device/ST/STM32L4xx/Include -I../Drivers/CMSIS/Include -O0 -ffunction-sections -fdata-sections -Wall -fstack-usage -MMD -MP -MF"Drivers/STM32L4xx_HAL_Driver/Src/stm32l4xx_hal_gpio.d" -MT"Drivers/STM32L4xx_HAL_Driver/Src/stm32l4xx_hal_gpio.o" --specs=nano.specs -mfpu=fpv4-sp-d16 -mfloat-abi=hard -mthumb -o "Drivers/STM32L4xx_HAL_Driver/Src/stm32l4xx_hal_gpio.o"
arm-none-eabi-gcc "../Drivers/STM32L4xx_HAL_Driver/Src/stm32l4xx_hal_i2c.c" -mcpu=cortex-m4 -std=gnu11 -g3 -DUSE_HAL_DRIVER -DDEBUG -DSTM32L4S5xx -c -I../Core/Inc -I../Drivers/STM32L4xx_HAL_Driver/Inc -I../Drivers/STM32L4xx_HAL_Driver/Inc/Legacy -I../Drivers/CMSIS/Device/ST/STM32L4xx/Include -I../Drivers/CMSIS/Include -O0 -ffunction-sections -fdata-sections -Wall -fstack-usage -MMD -MP -MF"Drivers/STM32L4xx_HAL_Driver/Src/stm32l4xx_hal_i2c.d" -MT"Drivers/STM32L4xx_HAL_Driver/Src/stm32l4xx_hal_i2c.o" --specs=nano.specs -mfpu=fpv4-sp-d16 -mfloat-abi=hard -mthumb -o "Drivers/STM32L4xx_HAL_Driver/Src/stm32l4xx_hal_i2c.o"
arm-none-eabi-gcc "../Drivers/STM32L4xx_HAL_Driver/Src/stm32l4xx_hal_i2c_ex.c" -mcpu=cortex-m4 -std=gnu11 -g3 -DUSE_HAL_DRIVER -DDEBUG -DSTM32L4S5xx -c -I../Core/Inc -I../Drivers/STM32L4xx_HAL_Driver/Inc -I../Drivers/STM32L4xx_HAL_Driver/Inc/Legacy -I../Drivers/CMSIS/Device/ST/STM32L4xx/Include -I../Drivers/CMSIS/Include -O0 -ffunction-sections -fdata-sections -Wall -fstack-usage -MMD -MP -MF"Drivers/STM32L4xx_HAL_Driver/Src/stm32l4xx_hal_i2c_ex.d" -MT"Drivers/STM32L4xx_HAL_Driver/Src/stm32l4xx_hal_i2c_ex.o" --specs=nano.specs -mfpu=fpv4-sp-d16 -mfloat-abi=hard -mthumb -o "Drivers/STM32L4xx_HAL_Driver/Src/stm32l4xx_hal_i2c_ex.o"
arm-none-eabi-gcc "../Drivers/STM32L4xx_HAL_Driver/Src/stm32l4xx_hal_pwr.c" -mcpu=cortex-m4 -std=gnu11 -g3 -DUSE_HAL_DRIVER -DDEBUG -DSTM32L4S5xx -c -I../Core/Inc -I../Drivers/STM32L4xx_HAL_Driver/Inc -I../Drivers/STM32L4xx_HAL_Driver/Inc/Legacy -I../Drivers/CMSIS/Device/ST/STM32L4xx/Include -I../Drivers/CMSIS/Include -O0 -ffunction-sections -fdata-sections -Wall -fstack-usage -MMD -MP -MF"Drivers/STM32L4xx_HAL_Driver/Src/stm32l4xx_hal_pwr.d" -MT"Drivers/STM32L4xx_HAL_Driver/Src/stm32l4xx_hal_pwr.o" --specs=nano.specs -mfpu=fpv4-sp-d16 -mfloat-abi=hard -mthumb -o "Drivers/STM32L4xx_HAL_Driver/Src/stm32l4xx_hal_pwr.o"
arm-none-eabi-gcc "../Drivers/STM32L4xx_HAL_Driver/Src/stm32l4xx_hal_pwr_ex.c" -mcpu=cortex-m4 -std=gnu11 -g3 -DUSE_HAL_DRIVER -DDEBUG -DSTM32L4S5xx -c -I../Core/Inc -I../Drivers/STM32L4xx_HAL_Driver/Inc -I../Drivers/STM32L4xx_HAL_Driver/Inc/Legacy -I../Drivers/CMSIS/Device/ST/STM32L4xx/Include -I../Drivers/CMSIS/Include -O0 -ffunction-sections -fdata-sections -Wall -fstack-usage -MMD -MP -MF"Drivers/STM32L4xx_HAL_Driver/Src/stm32l4xx_hal_pwr_ex.d" -MT"Drivers/STM32L4xx_HAL_Driver/Src/stm32l4xx_hal_pwr_ex.o" --specs=nano.specs -mfpu=fpv4-sp-d16 -mfloat-abi=hard -mthumb -o "Drivers/STM32L4xx_HAL_Driver/Src/stm32l4xx_hal_pwr_ex.o"
arm-none-eabi-gcc "../Drivers/STM32L4xx_HAL_Driver/Src/stm32l4xx_hal_rcc.c" -mcpu=cortex-m4 -std=gnu11 -g3 -DUSE_HAL_DRIVER -DDEBUG -DSTM32L4S5xx -c -I../Core/Inc -I../Drivers/STM32L4xx_HAL_Driver/Inc -I../Drivers/STM32L4xx_HAL_Driver/Inc/Legacy -I../Drivers/CMSIS/Device/ST/STM32L4xx/Include -I../Drivers/CMSIS/Include -O0 -ffunction-sections -fdata-sections -Wall -fstack-usage -MMD -MP -MF"Drivers/STM32L4xx_HAL_Driver/Src/stm32l4xx_hal_rcc.d" -MT"Drivers/STM32L4xx_HAL_Driver/Src/stm32l4xx_hal_rcc.o" --specs=nano.specs -mfpu=fpv4-sp-d16 -mfloat-abi=hard -mthumb -o "Drivers/STM32L4xx_HAL_Driver/Src/stm32l4xx_hal_rcc.o"
arm-none-eabi-gcc "../Drivers/STM32L4xx_HAL_Driver/Src/stm32l4xx_hal_rcc_ex.c" -mcpu=cortex-m4 -std=gnu11 -g3 -DUSE_HAL_DRIVER -DDEBUG -DSTM32L4S5xx -c -I../Core/Inc -I../Drivers/STM32L4xx_HAL_Driver/Inc -I../Drivers/STM32L4xx_HAL_Driver/Inc/Legacy -I../Drivers/CMSIS/Device/ST/STM32L4xx/Include -I../Drivers/CMSIS/Include -O0 -ffunction-sections -fdata-sections -Wall -fstack-usage -MMD -MP -MF"Drivers/STM32L4xx_HAL_Driver/Src/stm32l4xx_hal_rcc_ex.d" -MT"Drivers/STM32L4xx_HAL_Driver/Src/stm32l4xx_hal_rcc_ex.o" --specs=nano.specs -mfpu=fpv4-sp-d16 -mfloat-abi=hard -mthumb -o "Drivers/STM32L4xx_HAL_Driver/Src/stm32l4xx_hal_rcc_ex.o"
arm-none-eabi-gcc "../Drivers/STM32L4xx_HAL_Driver/Src/stm32l4xx_hal_tim.c" -mcpu=cortex-m4 -std=gnu11 -g3 -DUSE_HAL_DRIVER -DDEBUG -DSTM32L4S5xx -c -I../Core/Inc -I../Drivers/STM32L4xx_HAL_Driver/Inc -I../Drivers/STM32L4xx_HAL_Driver/Inc/Legacy -I../Drivers/CMSIS/Device/ST/STM32L4xx/Include -I../Drivers/CMSIS/Include -O0 -ffunction-sections -fdata-sections -Wall -fstack-usage -MMD -MP -MF"Drivers/STM32L4xx_HAL_Driver/Src/stm32l4xx_hal_tim.d" -MT"Drivers/STM32L4xx_HAL_Driver/Src/stm32l4xx_hal_tim.o" --specs=nano.specs -mfpu=fpv4-sp-d16 -mfloat-abi=hard -mthumb -o "Drivers/STM32L4xx_HAL_Driver/Src/stm32l4xx_hal_tim.o"
arm-none-eabi-gcc "../Drivers/STM32L4xx_HAL_Driver/Src/stm32l4xx_hal_tim_ex.c" -mcpu=cortex-m4 -std=gnu11 -g3 -DUSE_HAL_DRIVER -DDEBUG -DSTM32L4S5xx -c -I../Core/Inc -I../Drivers/STM32L4xx_HAL_Driver/Inc -I../Drivers/STM32L4xx_HAL_Driver/Inc/Legacy -I../Drivers/CMSIS/Device/ST/STM32L4xx/Include -I../Drivers/CMSIS/Include -O0 -ffunction-sections -fdata-sections -Wall -fstack-usage -MMD -MP -MF"Drivers/STM32L4xx_HAL_Driver/Src/stm32l4xx_hal_tim_ex.d" -MT"Drivers/STM32L4xx_HAL_Driver/Src/stm32l4xx_hal_tim_ex.o" --specs=nano.specs -mfpu=fpv4-sp-d16 -mfloat-abi=hard -mthumb -o "Drivers/STM32L4xx_HAL_Driver/Src/stm32l4xx_hal_tim_ex.o"
arm-none-eabi-gcc "../Core/Src/main.c" -mcpu=cortex-m4 -std=gnu11 -g3 -DUSE_HAL_DRIVER -DDEBUG -DSTM32L4S5xx -c -I../Core/Inc -I../Drivers/STM32L4xx_HAL_Driver/Inc -I../Drivers/STM32L4xx_HAL_Driver/Inc/Legacy -I../Drivers/CMSIS/Device/ST/STM32L4xx/Include -I../Drivers/CMSIS/Include -O0 -ffunction-sections -fdata-sections -Wall -fstack-usage -MMD -MP -MF"Core/Src/main.d" -MT"Core/Src/main.o" --specs=nano.specs -mfpu=fpv4-sp-d16 -mfloat-abi=hard -mthumb -o "Core/Src/main.o"
arm-none-eabi-gcc "../Core/Src/stm32l4xx_hal_msp.c" -mcpu=cortex-m4 -std=gnu11 -g3 -DUSE_HAL_DRIVER -DDEBUG -DSTM32L4S5xx -c -I../Core/Inc -I../Drivers/STM32L4xx_HAL_Driver/Inc -I../Drivers/STM32L4xx_HAL_Driver/Inc/Legacy -I../Drivers/CMSIS/Device/ST/STM32L4xx/Include -I../Drivers/CMSIS/Include -O0 -ffunction-sections -fdata-sections -Wall -fstack-usage -MMD -MP -MF"Core/Src/stm32l4xx_hal_msp.d" -MT"Core/Src/stm32l4xx_hal_msp.o" --specs=nano.specs -mfpu=fpv4-sp-d16 -mfloat-abi=hard -mthumb -o "Core/Src/stm32l4xx_hal_msp.o"
arm-none-eabi-gcc "../Core/Src/stm32l4xx_it.c" -mcpu=cortex-m4 -std=gnu11 -g3 -DUSE_HAL_DRIVER -DDEBUG -DSTM32L4S5xx -c -I../Core/Inc -I../Drivers/STM32L4xx_HAL_Driver/Inc -I../Drivers/STM32L4xx_HAL_Driver/Inc/Legacy -I../Drivers/CMSIS/Device/ST/STM32L4xx/Include -I../Drivers/CMSIS/Include -O0 -ffunction-sections -fdata-sections -Wall -fstack-usage -MMD -MP -MF"Core/Src/stm32l4xx_it.d" -MT"Core/Src/stm32l4xx_it.o" --specs=nano.specs -mfpu=fpv4-sp-d16 -mfloat-abi=hard -mthumb -o "Core/Src/stm32l4xx_it.o"
../Core/Src/main.c: In function 'main':
../Core/Src/main.c:108:66: error: 'sinx' undeclared (first use in this function); did you mean 'sin'?
    HAL_DAC_SetValue(&hdac1, DAC_CHANNEL_1, DAC_ALIGN_8B_R, 30000*sinx);
                                                                  ^~~~
                                                                  sin
../Core/Src/main.c:108:66: note: each undeclared identifier is reported only once for each function it appears in
../Core/Src/main.c:117:24: error: 'pi' undeclared (first use in this function)
    sin = arm_sin_f32(2*pi*65*t)+1;
                        ^~
../Core/Src/main.c:100:11: warning: variable 'sin' set but not used [-Wunused-but-set-variable]
   uint8_t sin = 0;
           ^~~
../Core/Src/main.c:97:11: warning: unused variable 'T' [-Wunused-variable]
   uint8_t T = 15; // f = 65 Hz, note C2
           ^
make: *** [Core/Src/subdir.mk:33: Core/Src/main.o] Error 1
make: *** Waiting for unfinished jobs....
"make -j4 all" terminated with exit code 2. Build might be incomplete.
23:23:41 **** Incremental Build of configuration Debug for project Lab3_Group3 ****
make -j4 all 
arm-none-eabi-gcc "../Core/Src/main.c" -mcpu=cortex-m4 -std=gnu11 -g3 -DUSE_HAL_DRIVER -DDEBUG -DSTM32L4S5xx -c -I../Core/Inc -I../Drivers/STM32L4xx_HAL_Driver/Inc -I../Drivers/STM32L4xx_HAL_Driver/Inc/Legacy -I../Drivers/CMSIS/Device/ST/STM32L4xx/Include -I../Drivers/CMSIS/Include -O0 -ffunction-sections -fdata-sections -Wall -fstack-usage -MMD -MP -MF"Core/Src/main.d" -MT"Core/Src/main.o" --specs=nano.specs -mfpu=fpv4-sp-d16 -mfloat-abi=hard -mthumb -o "Core/Src/main.o"
arm-none-eabi-gcc "../Core/Src/system_stm32l4xx.c" -mcpu=cortex-m4 -std=gnu11 -g3 -DUSE_HAL_DRIVER -DDEBUG -DSTM32L4S5xx -c -I../Core/Inc -I../Drivers/STM32L4xx_HAL_Driver/Inc -I../Drivers/STM32L4xx_HAL_Driver/Inc/Legacy -I../Drivers/CMSIS/Device/ST/STM32L4xx/Include -I../Drivers/CMSIS/Include -O0 -ffunction-sections -fdata-sections -Wall -fstack-usage -MMD -MP -MF"Core/Src/system_stm32l4xx.d" -MT"Core/Src/system_stm32l4xx.o" --specs=nano.specs -mfpu=fpv4-sp-d16 -mfloat-abi=hard -mthumb -o "Core/Src/system_stm32l4xx.o"
../Core/Src/main.c: In function 'main':
../Core/Src/main.c:97:11: warning: unused variable 'T' [-Wunused-variable]
   uint8_t T = 15; // f = 65 Hz, note C2
           ^
arm-none-eabi-gcc -o "Lab3_Group3.elf" @"objects.list"  -larm_cortexM4lf_math -mcpu=cortex-m4 -T"D:\202101\ECSE444\Lab3_Group3\Lab3_Group3\STM32L4S5VITX_FLASH.ld" --specs=nosys.specs -Wl,-Map="Lab3_Group3.map" -Wl,--gc-sections -static -L"D:\202101\ECSE444\Lab3_Group3\Lab3_Group3\Core\Lib" --specs=nano.specs -mfpu=fpv4-sp-d16 -mfloat-abi=hard -mthumb -Wl,--start-group -lc -lm -Wl,--end-group
Finished building target: Lab3_Group3.elf
 
arm-none-eabi-objdump -h -S  Lab3_Group3.elf  > "Lab3_Group3.list"
arm-none-eabi-objcopy  -O binary  Lab3_Group3.elf  "Lab3_Group3.bin"
arm-none-eabi-size   Lab3_Group3.elf 
   text	   data	    bss	    dec	    hex	filename
  14996	     20	   1668	  16684	   412c	Lab3_Group3.elf
Finished building: default.size.stdout
 
Finished building: Lab3_Group3.bin
 
Finished building: Lab3_Group3.list
 
23:27:57 **** Incremental Build of configuration Debug for project Lab3_Group3 ****
make -j4 all 
arm-none-eabi-gcc "../Core/Src/main.c" -mcpu=cortex-m4 -std=gnu11 -g3 -DUSE_HAL_DRIVER -DDEBUG -DSTM32L4S5xx -c -I../Core/Inc -I../Drivers/STM32L4xx_HAL_Driver/Inc -I../Drivers/STM32L4xx_HAL_Driver/Inc/Legacy -I../Drivers/CMSIS/Device/ST/STM32L4xx/Include -I../Drivers/CMSIS/Include -O0 -ffunction-sections -fdata-sections -Wall -fstack-usage -MMD -MP -MF"Core/Src/main.d" -MT"Core/Src/main.o" --specs=nano.specs -mfpu=fpv4-sp-d16 -mfloat-abi=hard -mthumb -o "Core/Src/main.o"
arm-none-eabi-gcc -o "Lab3_Group3.elf" @"objects.list"  -larm_cortexM4lf_math -mcpu=cortex-m4 -T"D:\202101\ECSE444\Lab3_Group3\Lab3_Group3\STM32L4S5VITX_FLASH.ld" --specs=nosys.specs -Wl,-Map="Lab3_Group3.map" -Wl,--gc-sections -static -L"D:\202101\ECSE444\Lab3_Group3\Lab3_Group3\Core\Lib" --specs=nano.specs -mfpu=fpv4-sp-d16 -mfloat-abi=hard -mthumb -Wl,--start-group -lc -lm -Wl,--end-group
Finished building target: Lab3_Group3.elf
 
arm-none-eabi-objdump -h -S  Lab3_Group3.elf  > "Lab3_Group3.list"
arm-none-eabi-objcopy  -O binary  Lab3_Group3.elf  "Lab3_Group3.bin"
arm-none-eabi-size   Lab3_Group3.elf 
   text	   data	    bss	    dec	    hex	filename
  15016	     20	   1668	  16704	   4140	Lab3_Group3.elf
Finished building: default.size.stdout
 
Finished building: Lab3_Group3.bin
 
Finished building: Lab3_Group3.list
 
23:30:00 **** Incremental Build of configuration Debug for project Lab3_Group3 ****
make -j4 all 
arm-none-eabi-gcc "../Core/Src/main.c" -mcpu=cortex-m4 -std=gnu11 -g3 -DUSE_HAL_DRIVER -DDEBUG -DSTM32L4S5xx -c -I../Core/Inc -I../Drivers/STM32L4xx_HAL_Driver/Inc -I../Drivers/STM32L4xx_HAL_Driver/Inc/Legacy -I../Drivers/CMSIS/Device/ST/STM32L4xx/Include -I../Drivers/CMSIS/Include -O0 -ffunction-sections -fdata-sections -Wall -fstack-usage -MMD -MP -MF"Core/Src/main.d" -MT"Core/Src/main.o" --specs=nano.specs -mfpu=fpv4-sp-d16 -mfloat-abi=hard -mthumb -o "Core/Src/main.o"
../Core/Src/main.c: In function 'main':
../Core/Src/main.c:100:9: warning: unused variable 'sin' [-Wunused-variable]
   float sin = 0;
         ^~~
arm-none-eabi-gcc -o "Lab3_Group3.elf" @"objects.list"  -larm_cortexM4lf_math -mcpu=cortex-m4 -T"D:\202101\ECSE444\Lab3_Group3\Lab3_Group3\STM32L4S5VITX_FLASH.ld" --specs=nosys.specs -Wl,-Map="Lab3_Group3.map" -Wl,--gc-sections -static -L"D:\202101\ECSE444\Lab3_Group3\Lab3_Group3\Core\Lib" --specs=nano.specs -mfpu=fpv4-sp-d16 -mfloat-abi=hard -mthumb -Wl,--start-group -lc -lm -Wl,--end-group
Finished building target: Lab3_Group3.elf
 
arm-none-eabi-objdump -h -S  Lab3_Group3.elf  > "Lab3_Group3.list"
arm-none-eabi-objcopy  -O binary  Lab3_Group3.elf  "Lab3_Group3.bin"
arm-none-eabi-size   Lab3_Group3.elf 
   text	   data	    bss	    dec	    hex	filename
  10628	     20	   1668	  12316	   301c	Lab3_Group3.elf
Finished building: default.size.stdout
 
Finished building: Lab3_Group3.bin
Finished building: Lab3_Group3.list
 
 
23:34:23 **** Incremental Build of configuration Debug for project Lab3_Group3 ****
make -j4 all 
arm-none-eabi-gcc "../Core/Src/main.c" -mcpu=cortex-m4 -std=gnu11 -g3 -DUSE_HAL_DRIVER -DDEBUG -DSTM32L4S5xx -c -I../Core/Inc -I../Drivers/STM32L4xx_HAL_Driver/Inc -I../Drivers/STM32L4xx_HAL_Driver/Inc/Legacy -I../Drivers/CMSIS/Device/ST/STM32L4xx/Include -I../Drivers/CMSIS/Include -O0 -ffunction-sections -fdata-sections -Wall -fstack-usage -MMD -MP -MF"Core/Src/main.d" -MT"Core/Src/main.o" --specs=nano.specs -mfpu=fpv4-sp-d16 -mfloat-abi=hard -mthumb -o "Core/Src/main.o"
../Core/Src/main.c: In function 'main':
../Core/Src/main.c:100:9: warning: unused variable 'sin' [-Wunused-variable]
   float sin = 0;
         ^~~
arm-none-eabi-gcc -o "Lab3_Group3.elf" @"objects.list"  -larm_cortexM4lf_math -mcpu=cortex-m4 -T"D:\202101\ECSE444\Lab3_Group3\Lab3_Group3\STM32L4S5VITX_FLASH.ld" --specs=nosys.specs -Wl,-Map="Lab3_Group3.map" -Wl,--gc-sections -static -L"D:\202101\ECSE444\Lab3_Group3\Lab3_Group3\Core\Lib" --specs=nano.specs -mfpu=fpv4-sp-d16 -mfloat-abi=hard -mthumb -Wl,--start-group -lc -lm -Wl,--end-group
Finished building target: Lab3_Group3.elf
 
arm-none-eabi-objdump -h -S  Lab3_Group3.elf  > "Lab3_Group3.list"
arm-none-eabi-objcopy  -O binary  Lab3_Group3.elf  "Lab3_Group3.bin"
arm-none-eabi-size   Lab3_Group3.elf 
   text	   data	    bss	    dec	    hex	filename
  10636	     20	   1668	  12324	   3024	Lab3_Group3.elf
Finished building: default.size.stdout
 
Finished building: Lab3_Group3.bin
 
Finished building: Lab3_Group3.list
 
23:36:14 **** Incremental Build of configuration Debug for project Lab3_Group3 ****
make -j4 all 
arm-none-eabi-gcc "../Core/Src/main.c" -mcpu=cortex-m4 -std=gnu11 -g3 -DUSE_HAL_DRIVER -DDEBUG -DSTM32L4S5xx -c -I../Core/Inc -I../Drivers/STM32L4xx_HAL_Driver/Inc -I../Drivers/STM32L4xx_HAL_Driver/Inc/Legacy -I../Drivers/CMSIS/Device/ST/STM32L4xx/Include -I../Drivers/CMSIS/Include -O0 -ffunction-sections -fdata-sections -Wall -fstack-usage -MMD -MP -MF"Core/Src/main.d" -MT"Core/Src/main.o" --specs=nano.specs -mfpu=fpv4-sp-d16 -mfloat-abi=hard -mthumb -o "Core/Src/main.o"
../Core/Src/main.c: In function 'main':
../Core/Src/main.c:100:9: warning: unused variable 'sin' [-Wunused-variable]
   float sin = 0;
         ^~~
arm-none-eabi-gcc -o "Lab3_Group3.elf" @"objects.list"  -larm_cortexM4lf_math -mcpu=cortex-m4 -T"D:\202101\ECSE444\Lab3_Group3\Lab3_Group3\STM32L4S5VITX_FLASH.ld" --specs=nosys.specs -Wl,-Map="Lab3_Group3.map" -Wl,--gc-sections -static -L"D:\202101\ECSE444\Lab3_Group3\Lab3_Group3\Core\Lib" --specs=nano.specs -mfpu=fpv4-sp-d16 -mfloat-abi=hard -mthumb -Wl,--start-group -lc -lm -Wl,--end-group
Finished building target: Lab3_Group3.elf
 
arm-none-eabi-objdump -h -S  Lab3_Group3.elf  > "Lab3_Group3.list"
arm-none-eabi-objcopy  -O binary  Lab3_Group3.elf  "Lab3_Group3.bin"
arm-none-eabi-size   Lab3_Group3.elf 
   text	   data	    bss	    dec	    hex	filename
  10636	     20	   1668	  12324	   3024	Lab3_Group3.elf
Finished building: default.size.stdout
 
Finished building: Lab3_Group3.bin
Finished building: Lab3_Group3.list
 
 
23:36:31 **** Incremental Build of configuration Debug for project Lab3_Group3 ****
make -j4 all 
arm-none-eabi-size   Lab3_Group3.elf 
   text	   data	    bss	    dec	    hex	filename
  10636	     20	   1668	  12324	   3024	Lab3_Group3.elf
Finished building: default.size.stdout
 
23:44:43 **** Incremental Build of configuration Debug for project Lab3_Group3 ****
make -j4 all 
arm-none-eabi-gcc "../Core/Src/main.c" -mcpu=cortex-m4 -std=gnu11 -g3 -DUSE_HAL_DRIVER -DDEBUG -DSTM32L4S5xx -c -I../Core/Inc -I../Drivers/STM32L4xx_HAL_Driver/Inc -I../Drivers/STM32L4xx_HAL_Driver/Inc/Legacy -I../Drivers/CMSIS/Device/ST/STM32L4xx/Include -I../Drivers/CMSIS/Include -O0 -ffunction-sections -fdata-sections -Wall -fstack-usage -MMD -MP -MF"Core/Src/main.d" -MT"Core/Src/main.o" --specs=nano.specs -mfpu=fpv4-sp-d16 -mfloat-abi=hard -mthumb -o "Core/Src/main.o"
../Core/Src/main.c: In function 'main':
../Core/Src/main.c:100:9: warning: unused variable 'sin' [-Wunused-variable]
   float sin = 0;
         ^~~
arm-none-eabi-gcc -o "Lab3_Group3.elf" @"objects.list"  -larm_cortexM4lf_math -mcpu=cortex-m4 -T"D:\202101\ECSE444\Lab3_Group3\Lab3_Group3\STM32L4S5VITX_FLASH.ld" --specs=nosys.specs -Wl,-Map="Lab3_Group3.map" -Wl,--gc-sections -static -L"D:\202101\ECSE444\Lab3_Group3\Lab3_Group3\Core\Lib" --specs=nano.specs -mfpu=fpv4-sp-d16 -mfloat-abi=hard -mthumb -Wl,--start-group -lc -lm -Wl,--end-group
Finished building target: Lab3_Group3.elf
 
arm-none-eabi-objdump -h -S  Lab3_Group3.elf  > "Lab3_Group3.list"
arm-none-eabi-objcopy  -O binary  Lab3_Group3.elf  "Lab3_Group3.bin"
arm-none-eabi-size   Lab3_Group3.elf 
   text	   data	    bss	    dec	    hex	filename
  10632	     20	   1668	  12320	   3020	Lab3_Group3.elf
Finished building: default.size.stdout
Finished building: Lab3_Group3.list
 
Finished building: Lab3_Group3.bin
 
 
23:50:33 **** Incremental Build of configuration Debug for project Lab3_Group3 ****
make -j4 all 
arm-none-eabi-gcc "../Core/Src/main.c" -mcpu=cortex-m4 -std=gnu11 -g3 -DUSE_HAL_DRIVER -DDEBUG -DSTM32L4S5xx -c -I../Core/Inc -I../Drivers/STM32L4xx_HAL_Driver/Inc -I../Drivers/STM32L4xx_HAL_Driver/Inc/Legacy -I../Drivers/CMSIS/Device/ST/STM32L4xx/Include -I../Drivers/CMSIS/Include -O0 -ffunction-sections -fdata-sections -Wall -fstack-usage -MMD -MP -MF"Core/Src/main.d" -MT"Core/Src/main.o" --specs=nano.specs -mfpu=fpv4-sp-d16 -mfloat-abi=hard -mthumb -o "Core/Src/main.o"
../Core/Src/main.c: In function 'main':
../Core/Src/main.c:100:9: warning: unused variable 'sin' [-Wunused-variable]
   float sin = 0;
         ^~~
../Core/Src/main.c:98:11: warning: variable 'tri' set but not used [-Wunused-but-set-variable]
   uint8_t tri = 0;
           ^~~
arm-none-eabi-gcc -o "Lab3_Group3.elf" @"objects.list"  -larm_cortexM4lf_math -mcpu=cortex-m4 -T"D:\202101\ECSE444\Lab3_Group3\Lab3_Group3\STM32L4S5VITX_FLASH.ld" --specs=nosys.specs -Wl,-Map="Lab3_Group3.map" -Wl,--gc-sections -static -L"D:\202101\ECSE444\Lab3_Group3\Lab3_Group3\Core\Lib" --specs=nano.specs -mfpu=fpv4-sp-d16 -mfloat-abi=hard -mthumb -Wl,--start-group -lc -lm -Wl,--end-group
Finished building target: Lab3_Group3.elf
 
arm-none-eabi-objdump -h -S  Lab3_Group3.elf  > "Lab3_Group3.list"
arm-none-eabi-objcopy  -O binary  Lab3_Group3.elf  "Lab3_Group3.bin"
arm-none-eabi-size   Lab3_Group3.elf 
   text	   data	    bss	    dec	    hex	filename
  10648	     20	   1668	  12336	   3030	Lab3_Group3.elf
Finished building: default.size.stdout
Finished building: Lab3_Group3.list
 
Finished building: Lab3_Group3.bin
 
 
23:50:49 **** Incremental Build of configuration Debug for project Lab3_Group3 ****
make -j4 all 
arm-none-eabi-size   Lab3_Group3.elf 
   text	   data	    bss	    dec	    hex	filename
  10648	     20	   1668	  12336	   3030	Lab3_Group3.elf
Finished building: default.size.stdout
 
23:52:28 **** Incremental Build of configuration Debug for project Lab3_Group3 ****
make -j4 all 
arm-none-eabi-gcc "../Core/Src/main.c" -mcpu=cortex-m4 -std=gnu11 -g3 -DUSE_HAL_DRIVER -DDEBUG -DSTM32L4S5xx -c -I../Core/Inc -I../Drivers/STM32L4xx_HAL_Driver/Inc -I../Drivers/STM32L4xx_HAL_Driver/Inc/Legacy -I../Drivers/CMSIS/Device/ST/STM32L4xx/Include -I../Drivers/CMSIS/Include -O0 -ffunction-sections -fdata-sections -Wall -fstack-usage -MMD -MP -MF"Core/Src/main.d" -MT"Core/Src/main.o" --specs=nano.specs -mfpu=fpv4-sp-d16 -mfloat-abi=hard -mthumb -o "Core/Src/main.o"
../Core/Src/main.c: In function 'main':
../Core/Src/main.c:100:11: warning: variable 'sin' set but not used [-Wunused-but-set-variable]
   uint8_t sin = 0;
           ^~~
../Core/Src/main.c:98:11: warning: variable 'tri' set but not used [-Wunused-but-set-variable]
   uint8_t tri = 0;
           ^~~
arm-none-eabi-gcc -o "Lab3_Group3.elf" @"objects.list"  -larm_cortexM4lf_math -mcpu=cortex-m4 -T"D:\202101\ECSE444\Lab3_Group3\Lab3_Group3\STM32L4S5VITX_FLASH.ld" --specs=nosys.specs -Wl,-Map="Lab3_Group3.map" -Wl,--gc-sections -static -L"D:\202101\ECSE444\Lab3_Group3\Lab3_Group3\Core\Lib" --specs=nano.specs -mfpu=fpv4-sp-d16 -mfloat-abi=hard -mthumb -Wl,--start-group -lc -lm -Wl,--end-group
Finished building target: Lab3_Group3.elf
 
arm-none-eabi-objdump -h -S  Lab3_Group3.elf  > "Lab3_Group3.list"
arm-none-eabi-objcopy  -O binary  Lab3_Group3.elf  "Lab3_Group3.bin"
arm-none-eabi-size   Lab3_Group3.elf 
   text	   data	    bss	    dec	    hex	filename
  15064	     20	   1668	  16752	   4170	Lab3_Group3.elf
Finished building: default.size.stdout
Finished building: Lab3_Group3.bin
 
 
Finished building: Lab3_Group3.list
 
23:55:39 **** Incremental Build of configuration Debug for project Lab3_Group3 ****
make -j4 all 
arm-none-eabi-gcc "../Core/Src/main.c" -mcpu=cortex-m4 -std=gnu11 -g3 -DUSE_HAL_DRIVER -DDEBUG -DSTM32L4S5xx -c -I../Core/Inc -I../Drivers/STM32L4xx_HAL_Driver/Inc -I../Drivers/STM32L4xx_HAL_Driver/Inc/Legacy -I../Drivers/CMSIS/Device/ST/STM32L4xx/Include -I../Drivers/CMSIS/Include -O0 -ffunction-sections -fdata-sections -Wall -fstack-usage -MMD -MP -MF"Core/Src/main.d" -MT"Core/Src/main.o" --specs=nano.specs -mfpu=fpv4-sp-d16 -mfloat-abi=hard -mthumb -o "Core/Src/main.o"
../Core/Src/main.c: In function 'main':
../Core/Src/main.c:99:11: warning: variable 'saw' set but not used [-Wunused-but-set-variable]
   uint8_t saw = 0;
           ^~~
../Core/Src/main.c:98:11: warning: variable 'tri' set but not used [-Wunused-but-set-variable]
   uint8_t tri = 0;
           ^~~
arm-none-eabi-gcc -o "Lab3_Group3.elf" @"objects.list"  -larm_cortexM4lf_math -mcpu=cortex-m4 -T"D:\202101\ECSE444\Lab3_Group3\Lab3_Group3\STM32L4S5VITX_FLASH.ld" --specs=nosys.specs -Wl,-Map="Lab3_Group3.map" -Wl,--gc-sections -static -L"D:\202101\ECSE444\Lab3_Group3\Lab3_Group3\Core\Lib" --specs=nano.specs -mfpu=fpv4-sp-d16 -mfloat-abi=hard -mthumb -Wl,--start-group -lc -lm -Wl,--end-group
Finished building target: Lab3_Group3.elf
 
arm-none-eabi-objdump -h -S  Lab3_Group3.elf  > "Lab3_Group3.list"
arm-none-eabi-objcopy  -O binary  Lab3_Group3.elf  "Lab3_Group3.bin"
arm-none-eabi-size   Lab3_Group3.elf 
   text	   data	    bss	    dec	    hex	filename
  12892	     20	   1668	  14580	   38f4	Lab3_Group3.elf
Finished building: default.size.stdout
Finished building: Lab3_Group3.bin
 
 
Finished building: Lab3_Group3.list
 
23:59:25 **** Incremental Build of configuration Debug for project Lab3_Group3 ****
make -j4 all 
arm-none-eabi-gcc "../Core/Src/main.c" -mcpu=cortex-m4 -std=gnu11 -g3 -DUSE_HAL_DRIVER -DDEBUG -DSTM32L4S5xx -c -I../Core/Inc -I../Drivers/STM32L4xx_HAL_Driver/Inc -I../Drivers/STM32L4xx_HAL_Driver/Inc/Legacy -I../Drivers/CMSIS/Device/ST/STM32L4xx/Include -I../Drivers/CMSIS/Include -O0 -ffunction-sections -fdata-sections -Wall -fstack-usage -MMD -MP -MF"Core/Src/main.d" -MT"Core/Src/main.o" --specs=nano.specs -mfpu=fpv4-sp-d16 -mfloat-abi=hard -mthumb -o "Core/Src/main.o"
../Core/Src/main.c: In function 'main':
../Core/Src/main.c:100:11: warning: variable 'sin' set but not used [-Wunused-but-set-variable]
   uint8_t sin = 0;
           ^~~
../Core/Src/main.c:99:11: warning: variable 'saw' set but not used [-Wunused-but-set-variable]
   uint8_t saw = 0;
           ^~~
../Core/Src/main.c:98:11: warning: variable 'tri' set but not used [-Wunused-but-set-variable]
   uint8_t tri = 0;
           ^~~
arm-none-eabi-gcc -o "Lab3_Group3.elf" @"objects.list"  -larm_cortexM4lf_math -mcpu=cortex-m4 -T"D:\202101\ECSE444\Lab3_Group3\Lab3_Group3\STM32L4S5VITX_FLASH.ld" --specs=nosys.specs -Wl,-Map="Lab3_Group3.map" -Wl,--gc-sections -static -L"D:\202101\ECSE444\Lab3_Group3\Lab3_Group3\Core\Lib" --specs=nano.specs -mfpu=fpv4-sp-d16 -mfloat-abi=hard -mthumb -Wl,--start-group -lc -lm -Wl,--end-group
Finished building target: Lab3_Group3.elf
 
arm-none-eabi-objdump -h -S  Lab3_Group3.elf  > "Lab3_Group3.list"
arm-none-eabi-objcopy  -O binary  Lab3_Group3.elf  "Lab3_Group3.bin"
arm-none-eabi-size   Lab3_Group3.elf 
   text	   data	    bss	    dec	    hex	filename
  12896	     20	   1668	  14584	   38f8	Lab3_Group3.elf
Finished building: default.size.stdout
 
Finished building: Lab3_Group3.bin
Finished building: Lab3_Group3.list
 
 
00:10:41 **** Incremental Build of configuration Debug for project Lab3_Group3 ****
make -j4 all 
arm-none-eabi-gcc "../Core/Src/main.c" -mcpu=cortex-m4 -std=gnu11 -g3 -DUSE_HAL_DRIVER -DDEBUG -DSTM32L4S5xx -c -I../Core/Inc -I../Drivers/STM32L4xx_HAL_Driver/Inc -I../Drivers/STM32L4xx_HAL_Driver/Inc/Legacy -I../Drivers/CMSIS/Device/ST/STM32L4xx/Include -I../Drivers/CMSIS/Include -O0 -ffunction-sections -fdata-sections -Wall -fstack-usage -MMD -MP -MF"Core/Src/main.d" -MT"Core/Src/main.o" --specs=nano.specs -mfpu=fpv4-sp-d16 -mfloat-abi=hard -mthumb -o "Core/Src/main.o"
../Core/Src/main.c: In function 'main':
../Core/Src/main.c:100:11: warning: variable 'sin' set but not used [-Wunused-but-set-variable]
   uint8_t sin = 0;
           ^~~
../Core/Src/main.c:99:11: warning: variable 'saw' set but not used [-Wunused-but-set-variable]
   uint8_t saw = 0;
           ^~~
../Core/Src/main.c:98:11: warning: variable 'tri' set but not used [-Wunused-but-set-variable]
   uint8_t tri = 0;
           ^~~
arm-none-eabi-gcc -o "Lab3_Group3.elf" @"objects.list"  -larm_cortexM4lf_math -mcpu=cortex-m4 -T"D:\202101\ECSE444\Lab3_Group3\Lab3_Group3\STM32L4S5VITX_FLASH.ld" --specs=nosys.specs -Wl,-Map="Lab3_Group3.map" -Wl,--gc-sections -static -L"D:\202101\ECSE444\Lab3_Group3\Lab3_Group3\Core\Lib" --specs=nano.specs -mfpu=fpv4-sp-d16 -mfloat-abi=hard -mthumb -Wl,--start-group -lc -lm -Wl,--end-group
Finished building target: Lab3_Group3.elf
 
arm-none-eabi-objdump -h -S  Lab3_Group3.elf  > "Lab3_Group3.list"
arm-none-eabi-objcopy  -O binary  Lab3_Group3.elf  "Lab3_Group3.bin"
arm-none-eabi-size   Lab3_Group3.elf 
   text	   data	    bss	    dec	    hex	filename
  12892	     20	   1668	  14580	   38f4	Lab3_Group3.elf
Finished building: default.size.stdout
 
Finished building: Lab3_Group3.bin
 
Finished building: Lab3_Group3.list
 
00:16:14 **** Incremental Build of configuration Debug for project Lab3_Group3 ****
make -j4 all 
arm-none-eabi-gcc "../Core/Src/main.c" -mcpu=cortex-m4 -std=gnu11 -g3 -DUSE_HAL_DRIVER -DDEBUG -DSTM32L4S5xx -c -I../Core/Inc -I../Drivers/STM32L4xx_HAL_Driver/Inc -I../Drivers/STM32L4xx_HAL_Driver/Inc/Legacy -I../Drivers/CMSIS/Device/ST/STM32L4xx/Include -I../Drivers/CMSIS/Include -O0 -ffunction-sections -fdata-sections -Wall -fstack-usage -MMD -MP -MF"Core/Src/main.d" -MT"Core/Src/main.o" --specs=nano.specs -mfpu=fpv4-sp-d16 -mfloat-abi=hard -mthumb -o "Core/Src/main.o"
../Core/Src/main.c: In function 'main':
../Core/Src/main.c:100:11: warning: variable 'sin' set but not used [-Wunused-but-set-variable]
   uint8_t sin = 0;
           ^~~
../Core/Src/main.c:98:11: warning: variable 'tri' set but not used [-Wunused-but-set-variable]
   uint8_t tri = 0;
           ^~~
arm-none-eabi-gcc -o "Lab3_Group3.elf" @"objects.list"  -larm_cortexM4lf_math -mcpu=cortex-m4 -T"D:\202101\ECSE444\Lab3_Group3\Lab3_Group3\STM32L4S5VITX_FLASH.ld" --specs=nosys.specs -Wl,-Map="Lab3_Group3.map" -Wl,--gc-sections -static -L"D:\202101\ECSE444\Lab3_Group3\Lab3_Group3\Core\Lib" --specs=nano.specs -mfpu=fpv4-sp-d16 -mfloat-abi=hard -mthumb -Wl,--start-group -lc -lm -Wl,--end-group
Finished building target: Lab3_Group3.elf
 
arm-none-eabi-objdump -h -S  Lab3_Group3.elf  > "Lab3_Group3.list"
arm-none-eabi-objcopy  -O binary  Lab3_Group3.elf  "Lab3_Group3.bin"
arm-none-eabi-size   Lab3_Group3.elf 
   text	   data	    bss	    dec	    hex	filename
  13072	     20	   1668	  14760	   39a8	Lab3_Group3.elf
Finished building: default.size.stdout
 
Finished building: Lab3_Group3.bin
Finished building: Lab3_Group3.list
 
 
00:16:54 **** Incremental Build of configuration Debug for project Lab3_Group3 ****
make -j4 all 
arm-none-eabi-gcc "../Core/Src/main.c" -mcpu=cortex-m4 -std=gnu11 -g3 -DUSE_HAL_DRIVER -DDEBUG -DSTM32L4S5xx -c -I../Core/Inc -I../Drivers/STM32L4xx_HAL_Driver/Inc -I../Drivers/STM32L4xx_HAL_Driver/Inc/Legacy -I../Drivers/CMSIS/Device/ST/STM32L4xx/Include -I../Drivers/CMSIS/Include -O0 -ffunction-sections -fdata-sections -Wall -fstack-usage -MMD -MP -MF"Core/Src/main.d" -MT"Core/Src/main.o" --specs=nano.specs -mfpu=fpv4-sp-d16 -mfloat-abi=hard -mthumb -o "Core/Src/main.o"
../Core/Src/main.c: In function 'main':
../Core/Src/main.c:100:11: warning: variable 'sin' set but not used [-Wunused-but-set-variable]
   uint8_t sin = 0;
           ^~~
../Core/Src/main.c:99:11: warning: variable 'saw' set but not used [-Wunused-but-set-variable]
   uint8_t saw = 0;
           ^~~
arm-none-eabi-gcc -o "Lab3_Group3.elf" @"objects.list"  -larm_cortexM4lf_math -mcpu=cortex-m4 -T"D:\202101\ECSE444\Lab3_Group3\Lab3_Group3\STM32L4S5VITX_FLASH.ld" --specs=nosys.specs -Wl,-Map="Lab3_Group3.map" -Wl,--gc-sections -static -L"D:\202101\ECSE444\Lab3_Group3\Lab3_Group3\Core\Lib" --specs=nano.specs -mfpu=fpv4-sp-d16 -mfloat-abi=hard -mthumb -Wl,--start-group -lc -lm -Wl,--end-group
Finished building target: Lab3_Group3.elf
 
arm-none-eabi-objdump -h -S  Lab3_Group3.elf  > "Lab3_Group3.list"
arm-none-eabi-objcopy  -O binary  Lab3_Group3.elf  "Lab3_Group3.bin"
arm-none-eabi-size   Lab3_Group3.elf 
   text	   data	    bss	    dec	    hex	filename
  13072	     20	   1668	  14760	   39a8	Lab3_Group3.elf
Finished building: default.size.stdout
 
Finished building: Lab3_Group3.list
Finished building: Lab3_Group3.bin
 
 
11:41:53 **** Incremental Build of configuration Debug for project Lab3_Group3 ****
make -j4 all 
arm-none-eabi-gcc "../Core/Src/main.c" -mcpu=cortex-m4 -std=gnu11 -g3 -DUSE_HAL_DRIVER -DDEBUG -DSTM32L4S5xx -c -I../Core/Inc -I../Drivers/STM32L4xx_HAL_Driver/Inc -I../Drivers/STM32L4xx_HAL_Driver/Inc/Legacy -I../Drivers/CMSIS/Device/ST/STM32L4xx/Include -I../Drivers/CMSIS/Include -O0 -ffunction-sections -fdata-sections -Wall -fstack-usage -MMD -MP -MF"Core/Src/main.d" -MT"Core/Src/main.o" --specs=nano.specs -mfpu=fpv4-sp-d16 -mfloat-abi=hard -mthumb -o "Core/Src/main.o"
In file included from ../Core/Src/main.c:26:0:
../Core/Inc/lab3part1utils.h: In function 'generate_waves_8bit':
../Core/Inc/lab3part1utils.h:12:8: error: lvalue required as left operand of assignment
  &sawp = 17*t;
        ^
../Core/Inc/lab3part1utils.h:15:9: error: lvalue required as left operand of assignment
   &trip = 31*t;
         ^
../Core/Inc/lab3part1utils.h:18:15: error: 'T' undeclared (first use in this function)
   &trip = 31*(T-t+1);
               ^
../Core/Inc/lab3part1utils.h:18:15: note: each undeclared identifier is reported only once for each function it appears in
../Core/Src/main.c: In function 'main':
../Core/Src/main.c:111:25: error: 'trip' undeclared (first use in this function); did you mean 'tri'?
    generate_waves_8bit(&trip, &sawp, &sinp, t);
                         ^~~~
                         tri
../Core/Src/main.c:111:32: error: 'sawp' undeclared (first use in this function); did you mean 'saw'?
    generate_waves_8bit(&trip, &sawp, &sinp, t);
                                ^~~~
                                saw
../Core/Src/main.c:111:39: error: 'sinp' undeclared (first use in this function); did you mean 'sin'?
    generate_waves_8bit(&trip, &sawp, &sinp, t);
                                       ^~~~
                                       sin
../Core/Src/main.c:101:11: warning: unused variable 'sin' [-Wunused-variable]
   uint8_t sin = 0;
           ^~~
../Core/Src/main.c:100:11: warning: unused variable 'saw' [-Wunused-variable]
   uint8_t saw = 0;
           ^~~
make: *** [Core/Src/subdir.mk:33: Core/Src/main.o] Error 1
"make -j4 all" terminated with exit code 2. Build might be incomplete.
11:46:38 **** Incremental Build of configuration Debug for project Lab3_Group3 ****
make -j4 all 
arm-none-eabi-gcc "../Core/Src/main.c" -mcpu=cortex-m4 -std=gnu11 -g3 -DUSE_HAL_DRIVER -DDEBUG -DSTM32L4S5xx -c -I../Core/Inc -I../Drivers/STM32L4xx_HAL_Driver/Inc -I../Drivers/STM32L4xx_HAL_Driver/Inc/Legacy -I../Drivers/CMSIS/Device/ST/STM32L4xx/Include -I../Drivers/CMSIS/Include -O0 -ffunction-sections -fdata-sections -Wall -fstack-usage -MMD -MP -MF"Core/Src/main.d" -MT"Core/Src/main.o" --specs=nano.specs -mfpu=fpv4-sp-d16 -mfloat-abi=hard -mthumb -o "Core/Src/main.o"
In file included from ../Core/Src/main.c:26:0:
../Core/Inc/lab3part1utils.h: In function 'generate_waves_8bit':
../Core/Inc/lab3part1utils.h:18:15: error: 'T' undeclared (first use in this function)
   *trip = 31*(T-t+1);
               ^
../Core/Inc/lab3part1utils.h:18:15: note: each undeclared identifier is reported only once for each function it appears in
make: *** [Core/Src/subdir.mk:33: Core/Src/main.o] Error 1
"make -j4 all" terminated with exit code 2. Build might be incomplete.
11:47:21 **** Incremental Build of configuration Debug for project Lab3_Group3 ****
make -j4 all 
arm-none-eabi-gcc "../Core/Src/main.c" -mcpu=cortex-m4 -std=gnu11 -g3 -DUSE_HAL_DRIVER -DDEBUG -DSTM32L4S5xx -c -I../Core/Inc -I../Drivers/STM32L4xx_HAL_Driver/Inc -I../Drivers/STM32L4xx_HAL_Driver/Inc/Legacy -I../Drivers/CMSIS/Device/ST/STM32L4xx/Include -I../Drivers/CMSIS/Include -O0 -ffunction-sections -fdata-sections -Wall -fstack-usage -MMD -MP -MF"Core/Src/main.d" -MT"Core/Src/main.o" --specs=nano.specs -mfpu=fpv4-sp-d16 -mfloat-abi=hard -mthumb -o "Core/Src/main.o"
arm-none-eabi-gcc -o "Lab3_Group3.elf" @"objects.list"  -larm_cortexM4lf_math -mcpu=cortex-m4 -T"D:\202101\ECSE444\Lab3_Group3\Lab3_Group3\STM32L4S5VITX_FLASH.ld" --specs=nosys.specs -Wl,-Map="Lab3_Group3.map" -Wl,--gc-sections -static -L"D:\202101\ECSE444\Lab3_Group3\Lab3_Group3\Core\Lib" --specs=nano.specs -mfpu=fpv4-sp-d16 -mfloat-abi=hard -mthumb -Wl,--start-group -lc -lm -Wl,--end-group
Finished building target: Lab3_Group3.elf
 
arm-none-eabi-objdump -h -S  Lab3_Group3.elf  > "Lab3_Group3.list"
arm-none-eabi-objcopy  -O binary  Lab3_Group3.elf  "Lab3_Group3.bin"
arm-none-eabi-size   Lab3_Group3.elf 
   text	   data	    bss	    dec	    hex	filename
  13140	     20	   1668	  14828	   39ec	Lab3_Group3.elf
Finished building: default.size.stdout
 
Finished building: Lab3_Group3.bin
 
Finished building: Lab3_Group3.list
 
11:49:35 **** Incremental Build of configuration Debug for project Lab3_Group3 ****
make -j4 all 
arm-none-eabi-gcc "../Core/Src/main.c" -mcpu=cortex-m4 -std=gnu11 -g3 -DUSE_HAL_DRIVER -DDEBUG -DSTM32L4S5xx -c -I../Core/Inc -I../Drivers/STM32L4xx_HAL_Driver/Inc -I../Drivers/STM32L4xx_HAL_Driver/Inc/Legacy -I../Drivers/CMSIS/Device/ST/STM32L4xx/Include -I../Drivers/CMSIS/Include -O0 -ffunction-sections -fdata-sections -Wall -fstack-usage -MMD -MP -MF"Core/Src/main.d" -MT"Core/Src/main.o" --specs=nano.specs -mfpu=fpv4-sp-d16 -mfloat-abi=hard -mthumb -o "Core/Src/main.o"
arm-none-eabi-gcc -o "Lab3_Group3.elf" @"objects.list"  -larm_cortexM4lf_math -mcpu=cortex-m4 -T"D:\202101\ECSE444\Lab3_Group3\Lab3_Group3\STM32L4S5VITX_FLASH.ld" --specs=nosys.specs -Wl,-Map="Lab3_Group3.map" -Wl,--gc-sections -static -L"D:\202101\ECSE444\Lab3_Group3\Lab3_Group3\Core\Lib" --specs=nano.specs -mfpu=fpv4-sp-d16 -mfloat-abi=hard -mthumb -Wl,--start-group -lc -lm -Wl,--end-group
Finished building target: Lab3_Group3.elf
 
arm-none-eabi-objdump -h -S  Lab3_Group3.elf  > "Lab3_Group3.list"
arm-none-eabi-objcopy  -O binary  Lab3_Group3.elf  "Lab3_Group3.bin"
arm-none-eabi-size   Lab3_Group3.elf 
   text	   data	    bss	    dec	    hex	filename
  15304	     20	   1668	  16992	   4260	Lab3_Group3.elf
Finished building: default.size.stdout
 
Finished building: Lab3_Group3.bin
 
Finished building: Lab3_Group3.list
 
12:04:31 **** Incremental Build of configuration Debug for project Lab3_Group3 ****
make -j4 all 
arm-none-eabi-gcc "../Core/Src/main.c" -mcpu=cortex-m4 -std=gnu11 -g3 -DUSE_HAL_DRIVER -DDEBUG -DSTM32L4S5xx -c -I../Core/Inc -I../Drivers/STM32L4xx_HAL_Driver/Inc -I../Drivers/STM32L4xx_HAL_Driver/Inc/Legacy -I../Drivers/CMSIS/Device/ST/STM32L4xx/Include -I../Drivers/CMSIS/Include -O0 -ffunction-sections -fdata-sections -Wall -fstack-usage -MMD -MP -MF"Core/Src/main.d" -MT"Core/Src/main.o" --specs=nano.specs -mfpu=fpv4-sp-d16 -mfloat-abi=hard -mthumb -o "Core/Src/main.o"
../Core/Src/main.c: In function 'main':
../Core/Src/main.c:116:25: error: 'LED_GREEN_GPIO_Port' undeclared (first use in this function); did you mean 'USER_BUTTON_GPIO_Port'?
      HAL_GPIO_TogglePin(LED_GREEN_GPIO_Port, LED_GREEN_Pin); // toggle LED mode
                         ^~~~~~~~~~~~~~~~~~~
                         USER_BUTTON_GPIO_Port
../Core/Src/main.c:116:25: note: each undeclared identifier is reported only once for each function it appears in
../Core/Src/main.c:116:46: error: 'LED_GREEN_Pin' undeclared (first use in this function); did you mean 'AES_CR_EN_Pos'?
      HAL_GPIO_TogglePin(LED_GREEN_GPIO_Port, LED_GREEN_Pin); // toggle LED mode
                                              ^~~~~~~~~~~~~
                                              AES_CR_EN_Pos
../Core/Src/main.c:123:6: warning: implicit declaration of function 'generate_waves_8bit'; did you mean 'polled_waves_8bit'? [-Wimplicit-function-declaration]
      generate_waves_8bit(&tri, &saw, &sin, t, T);
      ^~~~~~~~~~~~~~~~~~~
      polled_waves_8bit
../Core/Src/main.c:136:7: warning: implicit declaration of function 'generate_waves_12bit'; did you mean 'polled_waves_12bit'? [-Wimplicit-function-declaration]
       generate_waves_12bit(&tri, &saw, &sin, t, T);
       ^~~~~~~~~~~~~~~~~~~~
       polled_waves_12bit
../Core/Src/main.c:123:6: warning: statement will never be executed [-Wswitch-unreachable]
      generate_waves_8bit(&tri, &saw, &sin, t, T);
      ^~~~~~~~~~~~~~~~~~~~~~~~~~~~~~~~~~~~~~~~~~~
make: *** [Core/Src/subdir.mk:33: Core/Src/main.o] Error 1
"make -j4 all" terminated with exit code 2. Build might be incomplete.
12:05:26 **** Incremental Build of configuration Debug for project Lab3_Group3 ****
make -j4 all 
arm-none-eabi-gcc "../Core/Src/main.c" -mcpu=cortex-m4 -std=gnu11 -g3 -DUSE_HAL_DRIVER -DDEBUG -DSTM32L4S5xx -c -I../Core/Inc -I../Drivers/STM32L4xx_HAL_Driver/Inc -I../Drivers/STM32L4xx_HAL_Driver/Inc/Legacy -I../Drivers/CMSIS/Device/ST/STM32L4xx/Include -I../Drivers/CMSIS/Include -O0 -ffunction-sections -fdata-sections -Wall -fstack-usage -MMD -MP -MF"Core/Src/main.d" -MT"Core/Src/main.o" --specs=nano.specs -mfpu=fpv4-sp-d16 -mfloat-abi=hard -mthumb -o "Core/Src/main.o"
../Core/Src/main.c: In function 'main':
../Core/Src/main.c:123:6: warning: statement will never be executed [-Wswitch-unreachable]
      polled_waves_8bit(&tri, &saw, &sin, t, T);
      ^~~~~~~~~~~~~~~~~~~~~~~~~~~~~~~~~~~~~~~~~
arm-none-eabi-gcc -o "Lab3_Group3.elf" @"objects.list"  -larm_cortexM4lf_math -mcpu=cortex-m4 -T"D:\202101\ECSE444\Lab3_Group3\Lab3_Group3\STM32L4S5VITX_FLASH.ld" --specs=nosys.specs -Wl,-Map="Lab3_Group3.map" -Wl,--gc-sections -static -L"D:\202101\ECSE444\Lab3_Group3\Lab3_Group3\Core\Lib" --specs=nano.specs -mfpu=fpv4-sp-d16 -mfloat-abi=hard -mthumb -Wl,--start-group -lc -lm -Wl,--end-group
Finished building target: Lab3_Group3.elf
 
arm-none-eabi-objdump -h -S  Lab3_Group3.elf  > "Lab3_Group3.list"
arm-none-eabi-objcopy  -O binary  Lab3_Group3.elf  "Lab3_Group3.bin"
arm-none-eabi-size   Lab3_Group3.elf 
   text	   data	    bss	    dec	    hex	filename
  11020	     20	   1668	  12708	   31a4	Lab3_Group3.elf
Finished building: default.size.stdout
 
Finished building: Lab3_Group3.bin
Finished building: Lab3_Group3.list
 
 
12:06:38 **** Incremental Build of configuration Debug for project Lab3_Group3 ****
make -j4 all 
arm-none-eabi-gcc "../Core/Src/main.c" -mcpu=cortex-m4 -std=gnu11 -g3 -DUSE_HAL_DRIVER -DDEBUG -DSTM32L4S5xx -c -I../Core/Inc -I../Drivers/STM32L4xx_HAL_Driver/Inc -I../Drivers/STM32L4xx_HAL_Driver/Inc/Legacy -I../Drivers/CMSIS/Device/ST/STM32L4xx/Include -I../Drivers/CMSIS/Include -O0 -ffunction-sections -fdata-sections -Wall -fstack-usage -MMD -MP -MF"Core/Src/main.d" -MT"Core/Src/main.o" --specs=nano.specs -mfpu=fpv4-sp-d16 -mfloat-abi=hard -mthumb -o "Core/Src/main.o"
arm-none-eabi-gcc -o "Lab3_Group3.elf" @"objects.list"  -larm_cortexM4lf_math -mcpu=cortex-m4 -T"D:\202101\ECSE444\Lab3_Group3\Lab3_Group3\STM32L4S5VITX_FLASH.ld" --specs=nosys.specs -Wl,-Map="Lab3_Group3.map" -Wl,--gc-sections -static -L"D:\202101\ECSE444\Lab3_Group3\Lab3_Group3\Core\Lib" --specs=nano.specs -mfpu=fpv4-sp-d16 -mfloat-abi=hard -mthumb -Wl,--start-group -lc -lm -Wl,--end-group
Finished building target: Lab3_Group3.elf
 
arm-none-eabi-objdump -h -S  Lab3_Group3.elf  > "Lab3_Group3.list"
arm-none-eabi-objcopy  -O binary  Lab3_Group3.elf  "Lab3_Group3.bin"
arm-none-eabi-size   Lab3_Group3.elf 
   text	   data	    bss	    dec	    hex	filename
  15884	     20	   1668	  17572	   44a4	Lab3_Group3.elf
Finished building: default.size.stdout
 
Finished building: Lab3_Group3.bin
 
Finished building: Lab3_Group3.list
 
12:06:49 **** Incremental Build of configuration Debug for project Lab3_Group3 ****
make -j4 all 
arm-none-eabi-size   Lab3_Group3.elf 
   text	   data	    bss	    dec	    hex	filename
  15884	     20	   1668	  17572	   44a4	Lab3_Group3.elf
Finished building: default.size.stdout
 
12:07:56 **** Incremental Build of configuration Debug for project Lab3_Group3 ****
make -j4 all 
arm-none-eabi-gcc "../Core/Src/main.c" -mcpu=cortex-m4 -std=gnu11 -g3 -DUSE_HAL_DRIVER -DDEBUG -DSTM32L4S5xx -c -I../Core/Inc -I../Drivers/STM32L4xx_HAL_Driver/Inc -I../Drivers/STM32L4xx_HAL_Driver/Inc/Legacy -I../Drivers/CMSIS/Device/ST/STM32L4xx/Include -I../Drivers/CMSIS/Include -O0 -ffunction-sections -fdata-sections -Wall -fstack-usage -MMD -MP -MF"Core/Src/main.d" -MT"Core/Src/main.o" --specs=nano.specs -mfpu=fpv4-sp-d16 -mfloat-abi=hard -mthumb -o "Core/Src/main.o"
arm-none-eabi-gcc -o "Lab3_Group3.elf" @"objects.list"  -larm_cortexM4lf_math -mcpu=cortex-m4 -T"D:\202101\ECSE444\Lab3_Group3\Lab3_Group3\STM32L4S5VITX_FLASH.ld" --specs=nosys.specs -Wl,-Map="Lab3_Group3.map" -Wl,--gc-sections -static -L"D:\202101\ECSE444\Lab3_Group3\Lab3_Group3\Core\Lib" --specs=nano.specs -mfpu=fpv4-sp-d16 -mfloat-abi=hard -mthumb -Wl,--start-group -lc -lm -Wl,--end-group
Finished building target: Lab3_Group3.elf
 
arm-none-eabi-objdump -h -S  Lab3_Group3.elf  > "Lab3_Group3.list"
arm-none-eabi-objcopy  -O binary  Lab3_Group3.elf  "Lab3_Group3.bin"
arm-none-eabi-size   Lab3_Group3.elf 
   text	   data	    bss	    dec	    hex	filename
  15908	     20	   1668	  17596	   44bc	Lab3_Group3.elf
Finished building: default.size.stdout
 
Finished building: Lab3_Group3.bin
 
Finished building: Lab3_Group3.list
 
12:09:21 **** Incremental Build of configuration Debug for project Lab3_Group3 ****
make -j4 all 
arm-none-eabi-gcc "../Core/Src/main.c" -mcpu=cortex-m4 -std=gnu11 -g3 -DUSE_HAL_DRIVER -DDEBUG -DSTM32L4S5xx -c -I../Core/Inc -I../Drivers/STM32L4xx_HAL_Driver/Inc -I../Drivers/STM32L4xx_HAL_Driver/Inc/Legacy -I../Drivers/CMSIS/Device/ST/STM32L4xx/Include -I../Drivers/CMSIS/Include -O0 -ffunction-sections -fdata-sections -Wall -fstack-usage -MMD -MP -MF"Core/Src/main.d" -MT"Core/Src/main.o" --specs=nano.specs -mfpu=fpv4-sp-d16 -mfloat-abi=hard -mthumb -o "Core/Src/main.o"
arm-none-eabi-gcc -o "Lab3_Group3.elf" @"objects.list"  -larm_cortexM4lf_math -mcpu=cortex-m4 -T"D:\202101\ECSE444\Lab3_Group3\Lab3_Group3\STM32L4S5VITX_FLASH.ld" --specs=nosys.specs -Wl,-Map="Lab3_Group3.map" -Wl,--gc-sections -static -L"D:\202101\ECSE444\Lab3_Group3\Lab3_Group3\Core\Lib" --specs=nano.specs -mfpu=fpv4-sp-d16 -mfloat-abi=hard -mthumb -Wl,--start-group -lc -lm -Wl,--end-group
Finished building target: Lab3_Group3.elf
 
arm-none-eabi-objdump -h -S  Lab3_Group3.elf  > "Lab3_Group3.list"
arm-none-eabi-objcopy  -O binary  Lab3_Group3.elf  "Lab3_Group3.bin"
arm-none-eabi-size   Lab3_Group3.elf 
   text	   data	    bss	    dec	    hex	filename
  15908	     20	   1668	  17596	   44bc	Lab3_Group3.elf
Finished building: default.size.stdout
 
Finished building: Lab3_Group3.bin
 
Finished building: Lab3_Group3.list
 
12:10:30 **** Incremental Build of configuration Debug for project Lab3_Group3 ****
make -j4 all 
arm-none-eabi-gcc "../Core/Src/main.c" -mcpu=cortex-m4 -std=gnu11 -g3 -DUSE_HAL_DRIVER -DDEBUG -DSTM32L4S5xx -c -I../Core/Inc -I../Drivers/STM32L4xx_HAL_Driver/Inc -I../Drivers/STM32L4xx_HAL_Driver/Inc/Legacy -I../Drivers/CMSIS/Device/ST/STM32L4xx/Include -I../Drivers/CMSIS/Include -O0 -ffunction-sections -fdata-sections -Wall -fstack-usage -MMD -MP -MF"Core/Src/main.d" -MT"Core/Src/main.o" --specs=nano.specs -mfpu=fpv4-sp-d16 -mfloat-abi=hard -mthumb -o "Core/Src/main.o"
arm-none-eabi-gcc -o "Lab3_Group3.elf" @"objects.list"  -larm_cortexM4lf_math -mcpu=cortex-m4 -T"D:\202101\ECSE444\Lab3_Group3\Lab3_Group3\STM32L4S5VITX_FLASH.ld" --specs=nosys.specs -Wl,-Map="Lab3_Group3.map" -Wl,--gc-sections -static -L"D:\202101\ECSE444\Lab3_Group3\Lab3_Group3\Core\Lib" --specs=nano.specs -mfpu=fpv4-sp-d16 -mfloat-abi=hard -mthumb -Wl,--start-group -lc -lm -Wl,--end-group
Finished building target: Lab3_Group3.elf
 
arm-none-eabi-objdump -h -S  Lab3_Group3.elf  > "Lab3_Group3.list"
arm-none-eabi-objcopy  -O binary  Lab3_Group3.elf  "Lab3_Group3.bin"
arm-none-eabi-size   Lab3_Group3.elf 
   text	   data	    bss	    dec	    hex	filename
  15908	     20	   1668	  17596	   44bc	Lab3_Group3.elf
Finished building: default.size.stdout
 
Finished building: Lab3_Group3.bin
Finished building: Lab3_Group3.list
 
 
12:35:48 **** Incremental Build of configuration Debug for project Lab3_Group3 ****
make -j4 all 
arm-none-eabi-gcc "../Core/Src/main.c" -mcpu=cortex-m4 -std=gnu11 -g3 -DUSE_HAL_DRIVER -DDEBUG -DSTM32L4S5xx -c -I../Core/Inc -I../Drivers/STM32L4xx_HAL_Driver/Inc -I../Drivers/STM32L4xx_HAL_Driver/Inc/Legacy -I../Drivers/CMSIS/Device/ST/STM32L4xx/Include -I../Drivers/CMSIS/Include -O0 -ffunction-sections -fdata-sections -Wall -fstack-usage -MMD -MP -MF"Core/Src/main.d" -MT"Core/Src/main.o" --specs=nano.specs -mfpu=fpv4-sp-d16 -mfloat-abi=hard -mthumb -o "Core/Src/main.o"
arm-none-eabi-gcc -o "Lab3_Group3.elf" @"objects.list"  -larm_cortexM4lf_math -mcpu=cortex-m4 -T"D:\202101\ECSE444\Lab3_Group3\Lab3_Group3\STM32L4S5VITX_FLASH.ld" --specs=nosys.specs -Wl,-Map="Lab3_Group3.map" -Wl,--gc-sections -static -L"D:\202101\ECSE444\Lab3_Group3\Lab3_Group3\Core\Lib" --specs=nano.specs -mfpu=fpv4-sp-d16 -mfloat-abi=hard -mthumb -Wl,--start-group -lc -lm -Wl,--end-group
Finished building target: Lab3_Group3.elf
 
arm-none-eabi-objdump -h -S  Lab3_Group3.elf  > "Lab3_Group3.list"
arm-none-eabi-objcopy  -O binary  Lab3_Group3.elf  "Lab3_Group3.bin"
arm-none-eabi-size   Lab3_Group3.elf 
   text	   data	    bss	    dec	    hex	filename
  15908	     20	   1668	  17596	   44bc	Lab3_Group3.elf
Finished building: default.size.stdout
Finished building: Lab3_Group3.bin
 
 
Finished building: Lab3_Group3.list
 
13:02:35 **** Incremental Build of configuration Debug for project Lab3_Group3 ****
make -j4 all 
arm-none-eabi-gcc "../Drivers/STM32L4xx_HAL_Driver/Src/stm32l4xx_hal.c" -mcpu=cortex-m4 -std=gnu11 -g3 -DUSE_HAL_DRIVER -DDEBUG -DSTM32L4S5xx -c -I../Core/Inc -I../Drivers/STM32L4xx_HAL_Driver/Inc -I../Drivers/STM32L4xx_HAL_Driver/Inc/Legacy -I../Drivers/CMSIS/Device/ST/STM32L4xx/Include -I../Drivers/CMSIS/Include -O0 -ffunction-sections -fdata-sections -Wall -fstack-usage -MMD -MP -MF"Drivers/STM32L4xx_HAL_Driver/Src/stm32l4xx_hal.d" -MT"Drivers/STM32L4xx_HAL_Driver/Src/stm32l4xx_hal.o" --specs=nano.specs -mfpu=fpv4-sp-d16 -mfloat-abi=hard -mthumb -o "Drivers/STM32L4xx_HAL_Driver/Src/stm32l4xx_hal.o"
arm-none-eabi-gcc "../Drivers/STM32L4xx_HAL_Driver/Src/stm32l4xx_hal_cortex.c" -mcpu=cortex-m4 -std=gnu11 -g3 -DUSE_HAL_DRIVER -DDEBUG -DSTM32L4S5xx -c -I../Core/Inc -I../Drivers/STM32L4xx_HAL_Driver/Inc -I../Drivers/STM32L4xx_HAL_Driver/Inc/Legacy -I../Drivers/CMSIS/Device/ST/STM32L4xx/Include -I../Drivers/CMSIS/Include -O0 -ffunction-sections -fdata-sections -Wall -fstack-usage -MMD -MP -MF"Drivers/STM32L4xx_HAL_Driver/Src/stm32l4xx_hal_cortex.d" -MT"Drivers/STM32L4xx_HAL_Driver/Src/stm32l4xx_hal_cortex.o" --specs=nano.specs -mfpu=fpv4-sp-d16 -mfloat-abi=hard -mthumb -o "Drivers/STM32L4xx_HAL_Driver/Src/stm32l4xx_hal_cortex.o"
arm-none-eabi-gcc "../Drivers/STM32L4xx_HAL_Driver/Src/stm32l4xx_hal_dac.c" -mcpu=cortex-m4 -std=gnu11 -g3 -DUSE_HAL_DRIVER -DDEBUG -DSTM32L4S5xx -c -I../Core/Inc -I../Drivers/STM32L4xx_HAL_Driver/Inc -I../Drivers/STM32L4xx_HAL_Driver/Inc/Legacy -I../Drivers/CMSIS/Device/ST/STM32L4xx/Include -I../Drivers/CMSIS/Include -O0 -ffunction-sections -fdata-sections -Wall -fstack-usage -MMD -MP -MF"Drivers/STM32L4xx_HAL_Driver/Src/stm32l4xx_hal_dac.d" -MT"Drivers/STM32L4xx_HAL_Driver/Src/stm32l4xx_hal_dac.o" --specs=nano.specs -mfpu=fpv4-sp-d16 -mfloat-abi=hard -mthumb -o "Drivers/STM32L4xx_HAL_Driver/Src/stm32l4xx_hal_dac.o"
arm-none-eabi-gcc "../Drivers/STM32L4xx_HAL_Driver/Src/stm32l4xx_hal_dac_ex.c" -mcpu=cortex-m4 -std=gnu11 -g3 -DUSE_HAL_DRIVER -DDEBUG -DSTM32L4S5xx -c -I../Core/Inc -I../Drivers/STM32L4xx_HAL_Driver/Inc -I../Drivers/STM32L4xx_HAL_Driver/Inc/Legacy -I../Drivers/CMSIS/Device/ST/STM32L4xx/Include -I../Drivers/CMSIS/Include -O0 -ffunction-sections -fdata-sections -Wall -fstack-usage -MMD -MP -MF"Drivers/STM32L4xx_HAL_Driver/Src/stm32l4xx_hal_dac_ex.d" -MT"Drivers/STM32L4xx_HAL_Driver/Src/stm32l4xx_hal_dac_ex.o" --specs=nano.specs -mfpu=fpv4-sp-d16 -mfloat-abi=hard -mthumb -o "Drivers/STM32L4xx_HAL_Driver/Src/stm32l4xx_hal_dac_ex.o"
arm-none-eabi-gcc "../Drivers/STM32L4xx_HAL_Driver/Src/stm32l4xx_hal_dma.c" -mcpu=cortex-m4 -std=gnu11 -g3 -DUSE_HAL_DRIVER -DDEBUG -DSTM32L4S5xx -c -I../Core/Inc -I../Drivers/STM32L4xx_HAL_Driver/Inc -I../Drivers/STM32L4xx_HAL_Driver/Inc/Legacy -I../Drivers/CMSIS/Device/ST/STM32L4xx/Include -I../Drivers/CMSIS/Include -O0 -ffunction-sections -fdata-sections -Wall -fstack-usage -MMD -MP -MF"Drivers/STM32L4xx_HAL_Driver/Src/stm32l4xx_hal_dma.d" -MT"Drivers/STM32L4xx_HAL_Driver/Src/stm32l4xx_hal_dma.o" --specs=nano.specs -mfpu=fpv4-sp-d16 -mfloat-abi=hard -mthumb -o "Drivers/STM32L4xx_HAL_Driver/Src/stm32l4xx_hal_dma.o"
arm-none-eabi-gcc "../Drivers/STM32L4xx_HAL_Driver/Src/stm32l4xx_hal_dma_ex.c" -mcpu=cortex-m4 -std=gnu11 -g3 -DUSE_HAL_DRIVER -DDEBUG -DSTM32L4S5xx -c -I../Core/Inc -I../Drivers/STM32L4xx_HAL_Driver/Inc -I../Drivers/STM32L4xx_HAL_Driver/Inc/Legacy -I../Drivers/CMSIS/Device/ST/STM32L4xx/Include -I../Drivers/CMSIS/Include -O0 -ffunction-sections -fdata-sections -Wall -fstack-usage -MMD -MP -MF"Drivers/STM32L4xx_HAL_Driver/Src/stm32l4xx_hal_dma_ex.d" -MT"Drivers/STM32L4xx_HAL_Driver/Src/stm32l4xx_hal_dma_ex.o" --specs=nano.specs -mfpu=fpv4-sp-d16 -mfloat-abi=hard -mthumb -o "Drivers/STM32L4xx_HAL_Driver/Src/stm32l4xx_hal_dma_ex.o"
arm-none-eabi-gcc "../Drivers/STM32L4xx_HAL_Driver/Src/stm32l4xx_hal_exti.c" -mcpu=cortex-m4 -std=gnu11 -g3 -DUSE_HAL_DRIVER -DDEBUG -DSTM32L4S5xx -c -I../Core/Inc -I../Drivers/STM32L4xx_HAL_Driver/Inc -I../Drivers/STM32L4xx_HAL_Driver/Inc/Legacy -I../Drivers/CMSIS/Device/ST/STM32L4xx/Include -I../Drivers/CMSIS/Include -O0 -ffunction-sections -fdata-sections -Wall -fstack-usage -MMD -MP -MF"Drivers/STM32L4xx_HAL_Driver/Src/stm32l4xx_hal_exti.d" -MT"Drivers/STM32L4xx_HAL_Driver/Src/stm32l4xx_hal_exti.o" --specs=nano.specs -mfpu=fpv4-sp-d16 -mfloat-abi=hard -mthumb -o "Drivers/STM32L4xx_HAL_Driver/Src/stm32l4xx_hal_exti.o"
arm-none-eabi-gcc "../Drivers/STM32L4xx_HAL_Driver/Src/stm32l4xx_hal_flash.c" -mcpu=cortex-m4 -std=gnu11 -g3 -DUSE_HAL_DRIVER -DDEBUG -DSTM32L4S5xx -c -I../Core/Inc -I../Drivers/STM32L4xx_HAL_Driver/Inc -I../Drivers/STM32L4xx_HAL_Driver/Inc/Legacy -I../Drivers/CMSIS/Device/ST/STM32L4xx/Include -I../Drivers/CMSIS/Include -O0 -ffunction-sections -fdata-sections -Wall -fstack-usage -MMD -MP -MF"Drivers/STM32L4xx_HAL_Driver/Src/stm32l4xx_hal_flash.d" -MT"Drivers/STM32L4xx_HAL_Driver/Src/stm32l4xx_hal_flash.o" --specs=nano.specs -mfpu=fpv4-sp-d16 -mfloat-abi=hard -mthumb -o "Drivers/STM32L4xx_HAL_Driver/Src/stm32l4xx_hal_flash.o"
[...]
 HAL_StatusTypeDef HAL_DAC_Start_DMA(DAC_HandleTypeDef *hdac, uint32_t Channel, uint32_t *pData, uint32_t Length,
                   ^~~~~~~~~~~~~~~~~
../Core/Src/main.c:433:49: warning: passing argument 3 of 'HAL_DAC_Start_DMA' from incompatible pointer type [-Wincompatible-pointer-types]
        HAL_DAC_Start_DMA(&hdac1, DAC_CHANNEL_1, sin_lookup_C6_8b,
                                                 ^~~~~~~~~~~~~~~~
In file included from ../Core/Inc/stm32l4xx_hal_conf.h:301:0,
                 from ../Drivers/STM32L4xx_HAL_Driver/Inc/stm32l4xx_hal.h:30,
                 from ../Core/Inc/main.h:31,
                 from ../Core/Src/main.c:21:
../Drivers/STM32L4xx_HAL_Driver/Inc/stm32l4xx_hal_dac.h:535:19: note: expected 'uint32_t * {aka long unsigned int *}' but argument is of type 'uint8_t * {aka unsigned char *}'
 HAL_StatusTypeDef HAL_DAC_Start_DMA(DAC_HandleTypeDef *hdac, uint32_t Channel, uint32_t *pData, uint32_t Length,
                   ^~~~~~~~~~~~~~~~~
make: *** [Core/Src/subdir.mk:33: Core/Src/main.o] Error 1
"make -j4 all" terminated with exit code 2. Build might be incomplete.
17:53:49 **** Incremental Build of configuration Debug for project Lab3_Group3 ****
make -j4 all 
arm-none-eabi-gcc "../Core/Src/main.c" -mcpu=cortex-m4 -std=gnu11 -g3 -DUSE_HAL_DRIVER -DDEBUG -DSTM32L4S5xx -c -I../Core/Inc -I../Drivers/STM32L4xx_HAL_Driver/Inc -I../Drivers/STM32L4xx_HAL_Driver/Inc/Legacy -I../Drivers/CMSIS/Device/ST/STM32L4xx/Include -I../Drivers/CMSIS/Include -O0 -ffunction-sections -fdata-sections -Wall -fstack-usage -MMD -MP -MF"Core/Src/main.d" -MT"Core/Src/main.o" --specs=nano.specs -mfpu=fpv4-sp-d16 -mfloat-abi=hard -mthumb -o "Core/Src/main.o"
../Core/Src/main.c: In function 'main':
../Core/Src/main.c:137:12: warning: unused variable 't' [-Wunused-variable]
   uint16_t t = 0;
            ^
../Core/Src/main.c:136:12: warning: unused variable 'sin' [-Wunused-variable]
   uint16_t sin = 0;
            ^~~
../Core/Src/main.c:135:12: warning: unused variable 'tri' [-Wunused-variable]
   uint16_t tri = 0;
            ^~~
../Core/Src/main.c:134:12: warning: unused variable 'saw' [-Wunused-variable]
   uint16_t saw = 0;
            ^~~
../Core/Src/main.c:133:12: warning: unused variable 'T' [-Wunused-variable]
   uint16_t T = 15; // f = 65 Hz, note C2
            ^
arm-none-eabi-gcc -o "Lab3_Group3.elf" @"objects.list"  -larm_cortexM4lf_math -mcpu=cortex-m4 -T"D:\202101\ECSE444\Lab3_Group3\Lab3_Group3\STM32L4S5VITX_FLASH.ld" --specs=nosys.specs -Wl,-Map="Lab3_Group3.map" -Wl,--gc-sections -static -L"D:\202101\ECSE444\Lab3_Group3\Lab3_Group3\Core\Lib" --specs=nano.specs -mfpu=fpv4-sp-d16 -mfloat-abi=hard -mthumb -Wl,--start-group -lc -lm -Wl,--end-group
Finished building target: Lab3_Group3.elf
 
arm-none-eabi-objdump -h -S  Lab3_Group3.elf  > "Lab3_Group3.list"
arm-none-eabi-objcopy  -O binary  Lab3_Group3.elf  "Lab3_Group3.bin"
arm-none-eabi-size   Lab3_Group3.elf 
   text	   data	    bss	    dec	    hex	filename
  18996	     20	   2588	  21604	   5464	Lab3_Group3.elf
Finished building: default.size.stdout
 
Finished building: Lab3_Group3.bin
 
Finished building: Lab3_Group3.list
 
17:55:00 **** Incremental Build of configuration Debug for project Lab3_Group3 ****
make -j4 all 
arm-none-eabi-gcc "../Core/Src/main.c" -mcpu=cortex-m4 -std=gnu11 -g3 -DUSE_HAL_DRIVER -DDEBUG -DSTM32L4S5xx -c -I../Core/Inc -I../Drivers/STM32L4xx_HAL_Driver/Inc -I../Drivers/STM32L4xx_HAL_Driver/Inc/Legacy -I../Drivers/CMSIS/Device/ST/STM32L4xx/Include -I../Drivers/CMSIS/Include -O0 -ffunction-sections -fdata-sections -Wall -fstack-usage -MMD -MP -MF"Core/Src/main.d" -MT"Core/Src/main.o" --specs=nano.specs -mfpu=fpv4-sp-d16 -mfloat-abi=hard -mthumb -o "Core/Src/main.o"
../Core/Src/main.c: In function 'main':
../Core/Src/main.c:137:12: warning: unused variable 't' [-Wunused-variable]
   uint16_t t = 0;
            ^
../Core/Src/main.c:136:12: warning: unused variable 'sin' [-Wunused-variable]
   uint16_t sin = 0;
            ^~~
../Core/Src/main.c:135:12: warning: unused variable 'tri' [-Wunused-variable]
   uint16_t tri = 0;
            ^~~
../Core/Src/main.c:134:12: warning: unused variable 'saw' [-Wunused-variable]
   uint16_t saw = 0;
            ^~~
../Core/Src/main.c:133:12: warning: unused variable 'T' [-Wunused-variable]
   uint16_t T = 15; // f = 65 Hz, note C2
            ^
arm-none-eabi-gcc -o "Lab3_Group3.elf" @"objects.list"  -larm_cortexM4lf_math -mcpu=cortex-m4 -T"D:\202101\ECSE444\Lab3_Group3\Lab3_Group3\STM32L4S5VITX_FLASH.ld" --specs=nosys.specs -Wl,-Map="Lab3_Group3.map" -Wl,--gc-sections -static -L"D:\202101\ECSE444\Lab3_Group3\Lab3_Group3\Core\Lib" --specs=nano.specs -mfpu=fpv4-sp-d16 -mfloat-abi=hard -mthumb -Wl,--start-group -lc -lm -Wl,--end-group
Finished building target: Lab3_Group3.elf
 
arm-none-eabi-objdump -h -S  Lab3_Group3.elf  > "Lab3_Group3.list"
arm-none-eabi-objcopy  -O binary  Lab3_Group3.elf  "Lab3_Group3.bin"
arm-none-eabi-size   Lab3_Group3.elf 
   text	   data	    bss	    dec	    hex	filename
  18732	     20	   2588	  21340	   535c	Lab3_Group3.elf
Finished building: default.size.stdout
Finished building: Lab3_Group3.bin
 
Finished building: Lab3_Group3.list
 
 
17:59:09 **** Incremental Build of configuration Debug for project Lab3_Group3 ****
make -j4 all 
arm-none-eabi-gcc "../Core/Src/main.c" -mcpu=cortex-m4 -std=gnu11 -g3 -DUSE_HAL_DRIVER -DDEBUG -DSTM32L4S5xx -c -I../Core/Inc -I../Drivers/STM32L4xx_HAL_Driver/Inc -I../Drivers/STM32L4xx_HAL_Driver/Inc/Legacy -I../Drivers/CMSIS/Device/ST/STM32L4xx/Include -I../Drivers/CMSIS/Include -O0 -ffunction-sections -fdata-sections -Wall -fstack-usage -MMD -MP -MF"Core/Src/main.d" -MT"Core/Src/main.o" --specs=nano.specs -mfpu=fpv4-sp-d16 -mfloat-abi=hard -mthumb -o "Core/Src/main.o"
../Core/Src/main.c: In function 'main':
../Core/Src/main.c:137:12: warning: unused variable 't' [-Wunused-variable]
   uint16_t t = 0;
            ^
../Core/Src/main.c:136:12: warning: unused variable 'sin' [-Wunused-variable]
   uint16_t sin = 0;
            ^~~
../Core/Src/main.c:135:12: warning: unused variable 'tri' [-Wunused-variable]
   uint16_t tri = 0;
            ^~~
../Core/Src/main.c:134:12: warning: unused variable 'saw' [-Wunused-variable]
   uint16_t saw = 0;
            ^~~
../Core/Src/main.c:133:12: warning: unused variable 'T' [-Wunused-variable]
   uint16_t T = 15; // f = 65 Hz, note C2
            ^
arm-none-eabi-gcc -o "Lab3_Group3.elf" @"objects.list"  -larm_cortexM4lf_math -mcpu=cortex-m4 -T"D:\202101\ECSE444\Lab3_Group3\Lab3_Group3\STM32L4S5VITX_FLASH.ld" --specs=nosys.specs -Wl,-Map="Lab3_Group3.map" -Wl,--gc-sections -static -L"D:\202101\ECSE444\Lab3_Group3\Lab3_Group3\Core\Lib" --specs=nano.specs -mfpu=fpv4-sp-d16 -mfloat-abi=hard -mthumb -Wl,--start-group -lc -lm -Wl,--end-group
Finished building target: Lab3_Group3.elf
 
arm-none-eabi-objdump -h -S  Lab3_Group3.elf  > "Lab3_Group3.list"
arm-none-eabi-objcopy  -O binary  Lab3_Group3.elf  "Lab3_Group3.bin"
arm-none-eabi-size   Lab3_Group3.elf 
   text	   data	    bss	    dec	    hex	filename
  18568	     20	   2588	  21176	   52b8	Lab3_Group3.elf
Finished building: default.size.stdout
 
Finished building: Lab3_Group3.bin
 
Finished building: Lab3_Group3.list
 
17:59:21 **** Incremental Build of configuration Debug for project Lab3_Group3 ****
make -j4 all 
arm-none-eabi-size   Lab3_Group3.elf 
   text	   data	    bss	    dec	    hex	filename
  18568	     20	   2588	  21176	   52b8	Lab3_Group3.elf
Finished building: default.size.stdout
 
17:59:53 **** Incremental Build of configuration Debug for project Lab3_Group3 ****
make -j4 all 
arm-none-eabi-gcc "../Core/Src/main.c" -mcpu=cortex-m4 -std=gnu11 -g3 -DUSE_HAL_DRIVER -DDEBUG -DSTM32L4S5xx -c -I../Core/Inc -I../Drivers/STM32L4xx_HAL_Driver/Inc -I../Drivers/STM32L4xx_HAL_Driver/Inc/Legacy -I../Drivers/CMSIS/Device/ST/STM32L4xx/Include -I../Drivers/CMSIS/Include -O0 -ffunction-sections -fdata-sections -Wall -fstack-usage -MMD -MP -MF"Core/Src/main.d" -MT"Core/Src/main.o" --specs=nano.specs -mfpu=fpv4-sp-d16 -mfloat-abi=hard -mthumb -o "Core/Src/main.o"
../Core/Src/main.c: In function 'main':
../Core/Src/main.c:137:12: warning: unused variable 't' [-Wunused-variable]
   uint16_t t = 0;
            ^
../Core/Src/main.c:136:12: warning: unused variable 'sin' [-Wunused-variable]
   uint16_t sin = 0;
            ^~~
../Core/Src/main.c:135:12: warning: unused variable 'tri' [-Wunused-variable]
   uint16_t tri = 0;
            ^~~
../Core/Src/main.c:134:12: warning: unused variable 'saw' [-Wunused-variable]
   uint16_t saw = 0;
            ^~~
../Core/Src/main.c:133:12: warning: unused variable 'T' [-Wunused-variable]
   uint16_t T = 15; // f = 65 Hz, note C2
            ^
arm-none-eabi-gcc -o "Lab3_Group3.elf" @"objects.list"  -larm_cortexM4lf_math -mcpu=cortex-m4 -T"D:\202101\ECSE444\Lab3_Group3\Lab3_Group3\STM32L4S5VITX_FLASH.ld" --specs=nosys.specs -Wl,-Map="Lab3_Group3.map" -Wl,--gc-sections -static -L"D:\202101\ECSE444\Lab3_Group3\Lab3_Group3\Core\Lib" --specs=nano.specs -mfpu=fpv4-sp-d16 -mfloat-abi=hard -mthumb -Wl,--start-group -lc -lm -Wl,--end-group
Finished building target: Lab3_Group3.elf
 
arm-none-eabi-objdump -h -S  Lab3_Group3.elf  > "Lab3_Group3.list"
arm-none-eabi-objcopy  -O binary  Lab3_Group3.elf  "Lab3_Group3.bin"
arm-none-eabi-size   Lab3_Group3.elf 
   text	   data	    bss	    dec	    hex	filename
  18596	     20	   2588	  21204	   52d4	Lab3_Group3.elf
Finished building: default.size.stdout
 
Finished building: Lab3_Group3.bin
Finished building: Lab3_Group3.list
 
 
18:03:05 **** Incremental Build of configuration Debug for project Lab3_Group3 ****
make -j4 all 
arm-none-eabi-gcc "../Core/Src/main.c" -mcpu=cortex-m4 -std=gnu11 -g3 -DUSE_HAL_DRIVER -DDEBUG -DSTM32L4S5xx -c -I../Core/Inc -I../Drivers/STM32L4xx_HAL_Driver/Inc -I../Drivers/STM32L4xx_HAL_Driver/Inc/Legacy -I../Drivers/CMSIS/Device/ST/STM32L4xx/Include -I../Drivers/CMSIS/Include -O0 -ffunction-sections -fdata-sections -Wall -fstack-usage -MMD -MP -MF"Core/Src/main.d" -MT"Core/Src/main.o" --specs=nano.specs -mfpu=fpv4-sp-d16 -mfloat-abi=hard -mthumb -o "Core/Src/main.o"
../Core/Src/main.c: In function 'main':
../Core/Src/main.c:137:12: warning: unused variable 't' [-Wunused-variable]
   uint16_t t = 0;
            ^
../Core/Src/main.c:136:12: warning: unused variable 'sin' [-Wunused-variable]
   uint16_t sin = 0;
            ^~~
../Core/Src/main.c:135:12: warning: unused variable 'tri' [-Wunused-variable]
   uint16_t tri = 0;
            ^~~
../Core/Src/main.c:134:12: warning: unused variable 'saw' [-Wunused-variable]
   uint16_t saw = 0;
            ^~~
../Core/Src/main.c:133:12: warning: unused variable 'T' [-Wunused-variable]
   uint16_t T = 15; // f = 65 Hz, note C2
            ^
../Core/Src/main.c: In function 'HAL_TIM_PeriodElapsedCallback':
../Core/Src/main.c:462:64: error: 'sin_lookup_DE6_8b' undeclared (first use in this function); did you mean 'sin_lookup_E6_8b'?
        HAL_DAC_SetValue(&hdac1, DAC_CHANNEL_1, DAC_ALIGN_8B_R, sin_lookup_DE6_8b[sin_idx]);
                                                                ^~~~~~~~~~~~~~~~~
                                                                sin_lookup_E6_8b
../Core/Src/main.c:462:64: note: each undeclared identifier is reported only once for each function it appears in
make: *** [Core/Src/subdir.mk:33: Core/Src/main.o] Error 1
"make -j4 all" terminated with exit code 2. Build might be incomplete.
18:03:14 **** Incremental Build of configuration Debug for project Lab3_Group3 ****
make -j4 all 
arm-none-eabi-gcc "../Core/Src/main.c" -mcpu=cortex-m4 -std=gnu11 -g3 -DUSE_HAL_DRIVER -DDEBUG -DSTM32L4S5xx -c -I../Core/Inc -I../Drivers/STM32L4xx_HAL_Driver/Inc -I../Drivers/STM32L4xx_HAL_Driver/Inc/Legacy -I../Drivers/CMSIS/Device/ST/STM32L4xx/Include -I../Drivers/CMSIS/Include -O0 -ffunction-sections -fdata-sections -Wall -fstack-usage -MMD -MP -MF"Core/Src/main.d" -MT"Core/Src/main.o" --specs=nano.specs -mfpu=fpv4-sp-d16 -mfloat-abi=hard -mthumb -o "Core/Src/main.o"
../Core/Src/main.c: In function 'main':
../Core/Src/main.c:137:12: warning: unused variable 't' [-Wunused-variable]
   uint16_t t = 0;
            ^
../Core/Src/main.c:136:12: warning: unused variable 'sin' [-Wunused-variable]
   uint16_t sin = 0;
            ^~~
../Core/Src/main.c:135:12: warning: unused variable 'tri' [-Wunused-variable]
   uint16_t tri = 0;
            ^~~
../Core/Src/main.c:134:12: warning: unused variable 'saw' [-Wunused-variable]
   uint16_t saw = 0;
            ^~~
../Core/Src/main.c:133:12: warning: unused variable 'T' [-Wunused-variable]
   uint16_t T = 15; // f = 65 Hz, note C2
            ^
arm-none-eabi-gcc -o "Lab3_Group3.elf" @"objects.list"  -larm_cortexM4lf_math -mcpu=cortex-m4 -T"D:\202101\ECSE444\Lab3_Group3\Lab3_Group3\STM32L4S5VITX_FLASH.ld" --specs=nosys.specs -Wl,-Map="Lab3_Group3.map" -Wl,--gc-sections -static -L"D:\202101\ECSE444\Lab3_Group3\Lab3_Group3\Core\Lib" --specs=nano.specs -mfpu=fpv4-sp-d16 -mfloat-abi=hard -mthumb -Wl,--start-group -lc -lm -Wl,--end-group
Finished building target: Lab3_Group3.elf
 
arm-none-eabi-objdump -h -S  Lab3_Group3.elf  > "Lab3_Group3.list"
arm-none-eabi-objcopy  -O binary  Lab3_Group3.elf  "Lab3_Group3.bin"
arm-none-eabi-size   Lab3_Group3.elf 
   text	   data	    bss	    dec	    hex	filename
  19304	     20	   2588	  21912	   5598	Lab3_Group3.elf
Finished building: default.size.stdout
 
Finished building: Lab3_Group3.bin
Finished building: Lab3_Group3.list
 
 
18:06:14 **** Incremental Build of configuration Debug for project Lab3_Group3 ****
make -j4 all 
arm-none-eabi-gcc "../Core/Src/main.c" -mcpu=cortex-m4 -std=gnu11 -g3 -DUSE_HAL_DRIVER -DDEBUG -DSTM32L4S5xx -c -I../Core/Inc -I../Drivers/STM32L4xx_HAL_Driver/Inc -I../Drivers/STM32L4xx_HAL_Driver/Inc/Legacy -I../Drivers/CMSIS/Device/ST/STM32L4xx/Include -I../Drivers/CMSIS/Include -O0 -ffunction-sections -fdata-sections -Wall -fstack-usage -MMD -MP -MF"Core/Src/main.d" -MT"Core/Src/main.o" --specs=nano.specs -mfpu=fpv4-sp-d16 -mfloat-abi=hard -mthumb -o "Core/Src/main.o"
../Core/Src/main.c: In function 'main':
../Core/Src/main.c:137:12: warning: unused variable 't' [-Wunused-variable]
   uint16_t t = 0;
            ^
../Core/Src/main.c:136:12: warning: unused variable 'sin' [-Wunused-variable]
   uint16_t sin = 0;
            ^~~
../Core/Src/main.c:135:12: warning: unused variable 'tri' [-Wunused-variable]
   uint16_t tri = 0;
            ^~~
../Core/Src/main.c:134:12: warning: unused variable 'saw' [-Wunused-variable]
   uint16_t saw = 0;
            ^~~
../Core/Src/main.c:133:12: warning: unused variable 'T' [-Wunused-variable]
   uint16_t T = 15; // f = 65 Hz, note C2
            ^
arm-none-eabi-gcc -o "Lab3_Group3.elf" @"objects.list"  -larm_cortexM4lf_math -mcpu=cortex-m4 -T"D:\202101\ECSE444\Lab3_Group3\Lab3_Group3\STM32L4S5VITX_FLASH.ld" --specs=nosys.specs -Wl,-Map="Lab3_Group3.map" -Wl,--gc-sections -static -L"D:\202101\ECSE444\Lab3_Group3\Lab3_Group3\Core\Lib" --specs=nano.specs -mfpu=fpv4-sp-d16 -mfloat-abi=hard -mthumb -Wl,--start-group -lc -lm -Wl,--end-group
Finished building target: Lab3_Group3.elf
 
arm-none-eabi-objdump -h -S  Lab3_Group3.elf  > "Lab3_Group3.list"
arm-none-eabi-objcopy  -O binary  Lab3_Group3.elf  "Lab3_Group3.bin"
arm-none-eabi-size   Lab3_Group3.elf 
   text	   data	    bss	    dec	    hex	filename
  19384	     20	   2588	  21992	   55e8	Lab3_Group3.elf
Finished building: default.size.stdout
 
Finished building: Lab3_Group3.bin
 
Finished building: Lab3_Group3.list
 
18:06:51 **** Incremental Build of configuration Debug for project Lab3_Group3 ****
make -j4 all 
arm-none-eabi-size   Lab3_Group3.elf 
   text	   data	    bss	    dec	    hex	filename
  19384	     20	   2588	  21992	   55e8	Lab3_Group3.elf
Finished building: default.size.stdout
 
21:14:21 **** Incremental Build of configuration Debug for project Lab3_Group3 ****
make -j4 all 
arm-none-eabi-gcc "../Core/Src/main.c" -mcpu=cortex-m4 -std=gnu11 -g3 -DUSE_HAL_DRIVER -DDEBUG -DSTM32L4S5xx -c -I../Core/Inc -I../Drivers/STM32L4xx_HAL_Driver/Inc -I../Drivers/STM32L4xx_HAL_Driver/Inc/Legacy -I../Drivers/CMSIS/Device/ST/STM32L4xx/Include -I../Drivers/CMSIS/Include -O0 -ffunction-sections -fdata-sections -Wall -fstack-usage -MMD -MP -MF"Core/Src/main.d" -MT"Core/Src/main.o" --specs=nano.specs -mfpu=fpv4-sp-d16 -mfloat-abi=hard -mthumb -o "Core/Src/main.o"
../Core/Src/main.c: In function 'main':
../Core/Src/main.c:137:12: warning: unused variable 't' [-Wunused-variable]
   uint16_t t = 0;
            ^
../Core/Src/main.c:136:12: warning: unused variable 'sin' [-Wunused-variable]
   uint16_t sin = 0;
            ^~~
../Core/Src/main.c:135:12: warning: unused variable 'tri' [-Wunused-variable]
   uint16_t tri = 0;
            ^~~
../Core/Src/main.c:134:12: warning: unused variable 'saw' [-Wunused-variable]
   uint16_t saw = 0;
            ^~~
../Core/Src/main.c:133:12: warning: unused variable 'T' [-Wunused-variable]
   uint16_t T = 15; // f = 65 Hz, note C2
            ^
arm-none-eabi-gcc -o "Lab3_Group3.elf" @"objects.list"  -larm_cortexM4lf_math -mcpu=cortex-m4 -T"D:\202101\ECSE444\Lab3_Group3\Lab3_Group3\STM32L4S5VITX_FLASH.ld" --specs=nosys.specs -Wl,-Map="Lab3_Group3.map" -Wl,--gc-sections -static -L"D:\202101\ECSE444\Lab3_Group3\Lab3_Group3\Core\Lib" --specs=nano.specs -mfpu=fpv4-sp-d16 -mfloat-abi=hard -mthumb -Wl,--start-group -lc -lm -Wl,--end-group
Finished building target: Lab3_Group3.elf
 
arm-none-eabi-objdump -h -S  Lab3_Group3.elf  > "Lab3_Group3.list"
arm-none-eabi-objcopy  -O binary  Lab3_Group3.elf  "Lab3_Group3.bin"
arm-none-eabi-size   Lab3_Group3.elf 
   text	   data	    bss	    dec	    hex	filename
  18964	     20	   2628	  21612	   546c	Lab3_Group3.elf
Finished building: default.size.stdout
 
Finished building: Lab3_Group3.bin
 
Finished building: Lab3_Group3.list
 
21:20:32 **** Incremental Build of configuration Debug for project Lab3_Group3 ****
make -j4 all 
arm-none-eabi-gcc "../Core/Src/main.c" -mcpu=cortex-m4 -std=gnu11 -g3 -DUSE_HAL_DRIVER -DDEBUG -DSTM32L4S5xx -c -I../Core/Inc -I../Drivers/STM32L4xx_HAL_Driver/Inc -I../Drivers/STM32L4xx_HAL_Driver/Inc/Legacy -I../Drivers/CMSIS/Device/ST/STM32L4xx/Include -I../Drivers/CMSIS/Include -O0 -ffunction-sections -fdata-sections -Wall -fstack-usage -MMD -MP -MF"Core/Src/main.d" -MT"Core/Src/main.o" --specs=nano.specs -mfpu=fpv4-sp-d16 -mfloat-abi=hard -mthumb -o "Core/Src/main.o"
../Core/Src/main.c: In function 'main':
../Core/Src/main.c:137:12: warning: unused variable 't' [-Wunused-variable]
   uint16_t t = 0;
            ^
../Core/Src/main.c:136:12: warning: unused variable 'sin' [-Wunused-variable]
   uint16_t sin = 0;
            ^~~
../Core/Src/main.c:135:12: warning: unused variable 'tri' [-Wunused-variable]
   uint16_t tri = 0;
            ^~~
../Core/Src/main.c:134:12: warning: unused variable 'saw' [-Wunused-variable]
   uint16_t saw = 0;
            ^~~
../Core/Src/main.c:133:12: warning: unused variable 'T' [-Wunused-variable]
   uint16_t T = 15; // f = 65 Hz, note C2
            ^
arm-none-eabi-gcc -o "Lab3_Group3.elf" @"objects.list"  -larm_cortexM4lf_math -mcpu=cortex-m4 -T"D:\202101\ECSE444\Lab3_Group3\Lab3_Group3\STM32L4S5VITX_FLASH.ld" --specs=nosys.specs -Wl,-Map="Lab3_Group3.map" -Wl,--gc-sections -static -L"D:\202101\ECSE444\Lab3_Group3\Lab3_Group3\Core\Lib" --specs=nano.specs -mfpu=fpv4-sp-d16 -mfloat-abi=hard -mthumb -Wl,--start-group -lc -lm -Wl,--end-group
Finished building target: Lab3_Group3.elf
 
arm-none-eabi-objdump -h -S  Lab3_Group3.elf  > "Lab3_Group3.list"
arm-none-eabi-objcopy  -O binary  Lab3_Group3.elf  "Lab3_Group3.bin"
arm-none-eabi-size   Lab3_Group3.elf 
   text	   data	    bss	    dec	    hex	filename
  18428	     20	   2628	  21076	   5254	Lab3_Group3.elf
Finished building: default.size.stdout
 
Finished building: Lab3_Group3.bin
 
Finished building: Lab3_Group3.list
 
